Archive member included to satisfy reference by file (symbol)

c:/st/stm32cubeide_1.11.0/stm32cubeide/plugins/com.st.stm32cube.ide.mcu.externaltools.gnu-tools-for-stm32.10.3-2021.10.win32_1.0.100.202210260954/tools/bin/../lib/gcc/arm-none-eabi/10.3.1/../../../../arm-none-eabi/lib/thumb/v7e-m+fp/hard\libc_nano.a(lib_a-errno.o)
                              ./Core/Src/syscalls.o (__errno)
c:/st/stm32cubeide_1.11.0/stm32cubeide/plugins/com.st.stm32cube.ide.mcu.externaltools.gnu-tools-for-stm32.10.3-2021.10.win32_1.0.100.202210260954/tools/bin/../lib/gcc/arm-none-eabi/10.3.1/../../../../arm-none-eabi/lib/thumb/v7e-m+fp/hard\libc_nano.a(lib_a-exit.o)
                              c:/st/stm32cubeide_1.11.0/stm32cubeide/plugins/com.st.stm32cube.ide.mcu.externaltools.gnu-tools-for-stm32.10.3-2021.10.win32_1.0.100.202210260954/tools/bin/../lib/gcc/arm-none-eabi/10.3.1/../../../../arm-none-eabi/lib/thumb/v7e-m+fp/hard/crt0.o (exit)
c:/st/stm32cubeide_1.11.0/stm32cubeide/plugins/com.st.stm32cube.ide.mcu.externaltools.gnu-tools-for-stm32.10.3-2021.10.win32_1.0.100.202210260954/tools/bin/../lib/gcc/arm-none-eabi/10.3.1/../../../../arm-none-eabi/lib/thumb/v7e-m+fp/hard\libc_nano.a(lib_a-impure.o)
                              c:/st/stm32cubeide_1.11.0/stm32cubeide/plugins/com.st.stm32cube.ide.mcu.externaltools.gnu-tools-for-stm32.10.3-2021.10.win32_1.0.100.202210260954/tools/bin/../lib/gcc/arm-none-eabi/10.3.1/../../../../arm-none-eabi/lib/thumb/v7e-m+fp/hard\libc_nano.a(lib_a-exit.o) (_global_impure_ptr)
c:/st/stm32cubeide_1.11.0/stm32cubeide/plugins/com.st.stm32cube.ide.mcu.externaltools.gnu-tools-for-stm32.10.3-2021.10.win32_1.0.100.202210260954/tools/bin/../lib/gcc/arm-none-eabi/10.3.1/../../../../arm-none-eabi/lib/thumb/v7e-m+fp/hard\libc_nano.a(lib_a-init.o)
                              c:/st/stm32cubeide_1.11.0/stm32cubeide/plugins/com.st.stm32cube.ide.mcu.externaltools.gnu-tools-for-stm32.10.3-2021.10.win32_1.0.100.202210260954/tools/bin/../lib/gcc/arm-none-eabi/10.3.1/../../../../arm-none-eabi/lib/thumb/v7e-m+fp/hard/crt0.o (__libc_init_array)
c:/st/stm32cubeide_1.11.0/stm32cubeide/plugins/com.st.stm32cube.ide.mcu.externaltools.gnu-tools-for-stm32.10.3-2021.10.win32_1.0.100.202210260954/tools/bin/../lib/gcc/arm-none-eabi/10.3.1/../../../../arm-none-eabi/lib/thumb/v7e-m+fp/hard\libc_nano.a(lib_a-memset.o)
                              c:/st/stm32cubeide_1.11.0/stm32cubeide/plugins/com.st.stm32cube.ide.mcu.externaltools.gnu-tools-for-stm32.10.3-2021.10.win32_1.0.100.202210260954/tools/bin/../lib/gcc/arm-none-eabi/10.3.1/../../../../arm-none-eabi/lib/thumb/v7e-m+fp/hard/crt0.o (memset)
c:/st/stm32cubeide_1.11.0/stm32cubeide/plugins/com.st.stm32cube.ide.mcu.externaltools.gnu-tools-for-stm32.10.3-2021.10.win32_1.0.100.202210260954/tools/bin/../lib/gcc/arm-none-eabi/10.3.1/../../../../arm-none-eabi/lib/thumb/v7e-m+fp/hard\libc_nano.a(lib_a-strlen.o)
                              ./Core/Src/main.o (strlen)
c:/st/stm32cubeide_1.11.0/stm32cubeide/plugins/com.st.stm32cube.ide.mcu.externaltools.gnu-tools-for-stm32.10.3-2021.10.win32_1.0.100.202210260954/tools/bin/../lib/gcc/arm-none-eabi/10.3.1/thumb/v7e-m+fp/hard\libgcc.a(_aeabi_uldivmod.o)
                              ./Drivers/STM32F4xx_HAL_Driver/Src/stm32f4xx_hal_rcc.o (__aeabi_uldivmod)
c:/st/stm32cubeide_1.11.0/stm32cubeide/plugins/com.st.stm32cube.ide.mcu.externaltools.gnu-tools-for-stm32.10.3-2021.10.win32_1.0.100.202210260954/tools/bin/../lib/gcc/arm-none-eabi/10.3.1/thumb/v7e-m+fp/hard\libgcc.a(_udivmoddi4.o)
                              c:/st/stm32cubeide_1.11.0/stm32cubeide/plugins/com.st.stm32cube.ide.mcu.externaltools.gnu-tools-for-stm32.10.3-2021.10.win32_1.0.100.202210260954/tools/bin/../lib/gcc/arm-none-eabi/10.3.1/thumb/v7e-m+fp/hard\libgcc.a(_aeabi_uldivmod.o) (__udivmoddi4)
c:/st/stm32cubeide_1.11.0/stm32cubeide/plugins/com.st.stm32cube.ide.mcu.externaltools.gnu-tools-for-stm32.10.3-2021.10.win32_1.0.100.202210260954/tools/bin/../lib/gcc/arm-none-eabi/10.3.1/thumb/v7e-m+fp/hard\libgcc.a(_dvmd_tls.o)
                              c:/st/stm32cubeide_1.11.0/stm32cubeide/plugins/com.st.stm32cube.ide.mcu.externaltools.gnu-tools-for-stm32.10.3-2021.10.win32_1.0.100.202210260954/tools/bin/../lib/gcc/arm-none-eabi/10.3.1/thumb/v7e-m+fp/hard\libgcc.a(_aeabi_uldivmod.o) (__aeabi_ldiv0)

Discarded input sections

 .text          0x0000000000000000        0x0 c:/st/stm32cubeide_1.11.0/stm32cubeide/plugins/com.st.stm32cube.ide.mcu.externaltools.gnu-tools-for-stm32.10.3-2021.10.win32_1.0.100.202210260954/tools/bin/../lib/gcc/arm-none-eabi/10.3.1/thumb/v7e-m+fp/hard/crti.o
 .data          0x0000000000000000        0x0 c:/st/stm32cubeide_1.11.0/stm32cubeide/plugins/com.st.stm32cube.ide.mcu.externaltools.gnu-tools-for-stm32.10.3-2021.10.win32_1.0.100.202210260954/tools/bin/../lib/gcc/arm-none-eabi/10.3.1/thumb/v7e-m+fp/hard/crti.o
[...]
Memory Configuration

Name             Origin             Length             Attributes
CCMRAM           0x0000000010000000 0x0000000000010000 xrw
RAM              0x0000000020000000 0x0000000000020000 xrw
FLASH            0x0000000008000000 0x0000000000100000 xr
*default*        0x0000000000000000 0xffffffffffffffff

Linker script and memory map

LOAD c:/st/stm32cubeide_1.11.0/stm32cubeide/plugins/com.st.stm32cube.ide.mcu.externaltools.gnu-tools-for-stm32.10.3-2021.10.win32_1.0.100.202210260954/tools/bin/../lib/gcc/arm-none-eabi/10.3.1/thumb/v7e-m+fp/hard/crti.o
LOAD c:/st/stm32cubeide_1.11.0/stm32cubeide/plugins/com.st.stm32cube.ide.mcu.externaltools.gnu-tools-for-stm32.10.3-2021.10.win32_1.0.100.202210260954/tools/bin/../lib/gcc/arm-none-eabi/10.3.1/thumb/v7e-m+fp/hard/crtbegin.o
LOAD c:/st/stm32cubeide_1.11.0/stm32cubeide/plugins/com.st.stm32cube.ide.mcu.externaltools.gnu-tools-for-stm32.10.3-2021.10.win32_1.0.100.202210260954/tools/bin/../lib/gcc/arm-none-eabi/10.3.1/../../../../arm-none-eabi/lib/thumb/v7e-m+fp/hard/crt0.o
LOAD ./Core/Src/GUI_Paint.o
LOAD ./Core/Src/LCD_1inch28.o
LOAD ./Core/Src/font12.o
LOAD ./Core/Src/font16.o
LOAD ./Core/Src/font20.o
LOAD ./Core/Src/font24.o
LOAD ./Core/Src/font8.o
LOAD ./Core/Src/image.o
LOAD ./Core/Src/main.o
LOAD ./Core/Src/stm32f4xx_hal_msp.o
LOAD ./Core/Src/stm32f4xx_it.o
LOAD ./Core/Src/syscalls.o
LOAD ./Core/Src/sysmem.o
LOAD ./Core/Src/system_stm32f4xx.o
LOAD ./Core/Startup/startup_stm32f407vgtx.o
LOAD ./Drivers/STM32F4xx_HAL_Driver/Src/stm32f4xx_hal.o
LOAD ./Drivers/STM32F4xx_HAL_Driver/Src/stm32f4xx_hal_cortex.o
LOAD ./Drivers/STM32F4xx_HAL_Driver/Src/stm32f4xx_hal_dma.o
LOAD ./Drivers/STM32F4xx_HAL_Driver/Src/stm32f4xx_hal_dma_ex.o
LOAD ./Drivers/STM32F4xx_HAL_Driver/Src/stm32f4xx_hal_exti.o
LOAD ./Drivers/STM32F4xx_HAL_Driver/Src/stm32f4xx_hal_flash.o
LOAD ./Drivers/STM32F4xx_HAL_Driver/Src/stm32f4xx_hal_flash_ex.o
LOAD ./Drivers/STM32F4xx_HAL_Driver/Src/stm32f4xx_hal_flash_ramfunc.o
LOAD ./Drivers/STM32F4xx_HAL_Driver/Src/stm32f4xx_hal_gpio.o
LOAD ./Drivers/STM32F4xx_HAL_Driver/Src/stm32f4xx_hal_pwr.o
LOAD ./Drivers/STM32F4xx_HAL_Driver/Src/stm32f4xx_hal_pwr_ex.o
LOAD ./Drivers/STM32F4xx_HAL_Driver/Src/stm32f4xx_hal_rcc.o
LOAD ./Drivers/STM32F4xx_HAL_Driver/Src/stm32f4xx_hal_rcc_ex.o
LOAD ./Drivers/STM32F4xx_HAL_Driver/Src/stm32f4xx_hal_spi.o
LOAD ./Drivers/STM32F4xx_HAL_Driver/Src/stm32f4xx_hal_tim.o
LOAD ./Drivers/STM32F4xx_HAL_Driver/Src/stm32f4xx_hal_tim_ex.o
LOAD ./Drivers/STM32F4xx_HAL_Driver/Src/stm32f4xx_hal_uart.o
START GROUP
LOAD c:/st/stm32cubeide_1.11.0/stm32cubeide/plugins/com.st.stm32cube.ide.mcu.externaltools.gnu-tools-for-stm32.10.3-2021.10.win32_1.0.100.202210260954/tools/bin/../lib/gcc/arm-none-eabi/10.3.1/../../../../arm-none-eabi/lib/thumb/v7e-m+fp/hard\libc_nano.a
LOAD c:/st/stm32cubeide_1.11.0/stm32cubeide/plugins/com.st.stm32cube.ide.mcu.externaltools.gnu-tools-for-stm32.10.3-2021.10.win32_1.0.100.202210260954/tools/bin/../lib/gcc/arm-none-eabi/10.3.1/../../../../arm-none-eabi/lib/thumb/v7e-m+fp/hard\libm.a
END GROUP
START GROUP
LOAD c:/st/stm32cubeide_1.11.0/stm32cubeide/plugins/com.st.stm32cube.ide.mcu.externaltools.gnu-tools-for-stm32.10.3-2021.10.win32_1.0.100.202210260954/tools/bin/../lib/gcc/arm-none-eabi/10.3.1/thumb/v7e-m+fp/hard\libgcc.a
LOAD c:/st/stm32cubeide_1.11.0/stm32cubeide/plugins/com.st.stm32cube.ide.mcu.externaltools.gnu-tools-for-stm32.10.3-2021.10.win32_1.0.100.202210260954/tools/bin/../lib/gcc/arm-none-eabi/10.3.1/../../../../arm-none-eabi/lib/thumb/v7e-m+fp/hard\libc_nano.a
END GROUP
START GROUP
LOAD c:/st/stm32cubeide_1.11.0/stm32cubeide/plugins/com.st.stm32cube.ide.mcu.externaltools.gnu-tools-for-stm32.10.3-2021.10.win32_1.0.100.202210260954/tools/bin/../lib/gcc/arm-none-eabi/10.3.1/thumb/v7e-m+fp/hard\libgcc.a
LOAD c:/st/stm32cubeide_1.11.0/stm32cubeide/plugins/com.st.stm32cube.ide.mcu.externaltools.gnu-tools-for-stm32.10.3-2021.10.win32_1.0.100.202210260954/tools/bin/../lib/gcc/arm-none-eabi/10.3.1/../../../../arm-none-eabi/lib/thumb/v7e-m+fp/hard\libc_nano.a
LOAD c:/st/stm32cubeide_1.11.0/stm32cubeide/plugins/com.st.stm32cube.ide.mcu.externaltools.gnu-tools-for-stm32.10.3-2021.10.win32_1.0.100.202210260954/tools/bin/../lib/gcc/arm-none-eabi/10.3.1/../../../../arm-none-eabi/lib/thumb/v7e-m+fp/hard\libnosys.a
END GROUP
START GROUP
LOAD c:/st/stm32cubeide_1.11.0/stm32cubeide/plugins/com.st.stm32cube.ide.mcu.externaltools.gnu-tools-for-stm32.10.3-2021.10.win32_1.0.100.202210260954/tools/bin/../lib/gcc/arm-none-eabi/10.3.1/thumb/v7e-m+fp/hard\libgcc.a
LOAD c:/st/stm32cubeide_1.11.0/stm32cubeide/plugins/com.st.stm32cube.ide.mcu.externaltools.gnu-tools-for-stm32.10.3-2021.10.win32_1.0.100.202210260954/tools/bin/../lib/gcc/arm-none-eabi/10.3.1/../../../../arm-none-eabi/lib/thumb/v7e-m+fp/hard\libc_nano.a
LOAD c:/st/stm32cubeide_1.11.0/stm32cubeide/plugins/com.st.stm32cube.ide.mcu.externaltools.gnu-tools-for-stm32.10.3-2021.10.win32_1.0.100.202210260954/tools/bin/../lib/gcc/arm-none-eabi/10.3.1/../../../../arm-none-eabi/lib/thumb/v7e-m+fp/hard\libnosys.a
END GROUP
LOAD c:/st/stm32cubeide_1.11.0/stm32cubeide/plugins/com.st.stm32cube.ide.mcu.externaltools.gnu-tools-for-stm32.10.3-2021.10.win32_1.0.100.202210260954/tools/bin/../lib/gcc/arm-none-eabi/10.3.1/thumb/v7e-m+fp/hard/crtend.o
LOAD c:/st/stm32cubeide_1.11.0/stm32cubeide/plugins/com.st.stm32cube.ide.mcu.externaltools.gnu-tools-for-stm32.10.3-2021.10.win32_1.0.100.202210260954/tools/bin/../lib/gcc/arm-none-eabi/10.3.1/thumb/v7e-m+fp/hard/crtn.o
                0x0000000020020000                _estack = (ORIGIN (RAM) + LENGTH (RAM))
                0x0000000000000200                _Min_Heap_Size = 0x200
                0x0000000000000400                _Min_Stack_Size = 0x400

.isr_vector     0x0000000008000000      0x188
                0x0000000008000000                . = ALIGN (0x4)
 *(.isr_vector)
 .isr_vector    0x0000000008000000      0x188 ./Core/Startup/startup_stm32f407vgtx.o
                0x0000000008000000                g_pfnVectors
                0x0000000008000188                . = ALIGN (0x4)

.text           0x0000000008000188     0x3a48
                0x0000000008000188                . = ALIGN (0x4)
 *(.text)
 .text          0x0000000008000188       0x40 c:/st/stm32cubeide_1.11.0/stm32cubeide/plugins/com.st.stm32cube.ide.mcu.externaltools.gnu-tools-for-stm32.10.3-2021.10.win32_1.0.100.202210260954/tools/bin/../lib/gcc/arm-none-eabi/10.3.1/thumb/v7e-m+fp/hard/crtbegin.o
 .text          0x00000000080001c8       0x10 c:/st/stm32cubeide_1.11.0/stm32cubeide/plugins/com.st.stm32cube.ide.mcu.externaltools.gnu-tools-for-stm32.10.3-2021.10.win32_1.0.100.202210260954/tools/bin/../lib/gcc/arm-none-eabi/10.3.1/../../../../arm-none-eabi/lib/thumb/v7e-m+fp/hard\libc_nano.a(lib_a-strlen.o)
                0x00000000080001c8                strlen
 .text          0x00000000080001d8       0x30 c:/st/stm32cubeide_1.11.0/stm32cubeide/plugins/com.st.stm32cube.ide.mcu.externaltools.gnu-tools-for-stm32.10.3-2021.10.win32_1.0.100.202210260954/tools/bin/../lib/gcc/arm-none-eabi/10.3.1/thumb/v7e-m+fp/hard\libgcc.a(_aeabi_uldivmod.o)
                0x00000000080001d8                __aeabi_uldivmod
 .text          0x0000000008000208      0x2d0 c:/st/stm32cubeide_1.11.0/stm32cubeide/plugins/com.st.stm32cube.ide.mcu.externaltools.gnu-tools-for-stm32.10.3-2021.10.win32_1.0.100.202210260954/tools/bin/../lib/gcc/arm-none-eabi/10.3.1/thumb/v7e-m+fp/hard\libgcc.a(_udivmoddi4.o)
                0x0000000008000208                __udivmoddi4
 .text          0x00000000080004d8        0x4 c:/st/stm32cubeide_1.11.0/stm32cubeide/plugins/com.st.stm32cube.ide.mcu.externaltools.gnu-tools-for-stm32.10.3-2021.10.win32_1.0.100.202210260954/tools/bin/../lib/gcc/arm-none-eabi/10.3.1/thumb/v7e-m+fp/hard\libgcc.a(_dvmd_tls.o)
                0x00000000080004d8                __aeabi_idiv0
                0x00000000080004d8                __aeabi_ldiv0
 *(.text*)
 .text.Paint_NewImage
                0x00000000080004dc       0x80 ./Core/Src/GUI_Paint.o
                0x00000000080004dc                Paint_NewImage
 .text.Paint_SetClearFuntion
                0x000000000800055c       0x20 ./Core/Src/GUI_Paint.o
                0x000000000800055c                Paint_SetClearFuntion
 .text.Paint_SetDisplayFuntion
                0x000000000800057c       0x20 ./Core/Src/GUI_Paint.o
                0x000000000800057c                Paint_SetDisplayFuntion
 .text.Paint_SetPixel
                0x000000000800059c      0x158 ./Core/Src/GUI_Paint.o
                0x000000000800059c                Paint_SetPixel
 .text.Paint_Clear
                0x00000000080006f4       0x20 ./Core/Src/GUI_Paint.o
                0x00000000080006f4                Paint_Clear
 .text.Paint_DrawPoint
                0x0000000008000714      0x130 ./Core/Src/GUI_Paint.o
                0x0000000008000714                Paint_DrawPoint
 .text.Paint_DrawLine
                0x0000000008000844      0x15c ./Core/Src/GUI_Paint.o
                0x0000000008000844                Paint_DrawLine
 .text.Paint_DrawCircle
                0x00000000080009a0      0x318 ./Core/Src/GUI_Paint.o
                0x00000000080009a0                Paint_DrawCircle
 .text.Paint_DrawChar
                0x0000000008000cb8      0x154 ./Core/Src/GUI_Paint.o
                0x0000000008000cb8                Paint_DrawChar
 .text.Paint_DrawString_EN
                0x0000000008000e0c       0xac ./Core/Src/GUI_Paint.o
                0x0000000008000e0c                Paint_DrawString_EN
 .text.Paint_DrawImage
                0x0000000008000eb8       0xcc ./Core/Src/GUI_Paint.o
                0x0000000008000eb8                Paint_DrawImage
 .text.Module_Init
                0x0000000008000f84       0x3c ./Core/Src/LCD_1inch28.o
                0x0000000008000f84                Module_Init
 .text.Module_Exit
                0x0000000008000fc0       0x38 ./Core/Src/LCD_1inch28.o
                0x0000000008000fc0                Module_Exit
 .text.LCD_1IN28_Reset
                0x0000000008000ff8       0x3c ./Core/Src/LCD_1inch28.o
 .text.LCD_1IN28_SendCommand
                0x0000000008001034       0x48 ./Core/Src/LCD_1inch28.o
 .text.LCD_1IN28_SendData_8Bit
                0x000000000800107c       0x48 ./Core/Src/LCD_1inch28.o
 .text.LCD_1IN28_SendData_16Bit
                0x00000000080010c4       0x60 ./Core/Src/LCD_1inch28.o
 .text.LCD_1IN28_InitReg
                0x0000000008001124      0x464 ./Core/Src/LCD_1inch28.o
 .text.LCD_1IN28_SetAttributes
                0x0000000008001588       0x58 ./Core/Src/LCD_1inch28.o
 .text.LCD_1IN28_Init
                0x00000000080015e0       0x22 ./Core/Src/LCD_1inch28.o
                0x00000000080015e0                LCD_1IN28_Init
 .text.LCD_1IN28_SetWindows
                0x0000000008001602       0x78 ./Core/Src/LCD_1inch28.o
                0x0000000008001602                LCD_1IN28_SetWindows
 .text.LCD_1IN28_Clear
                0x000000000800167a       0x4c ./Core/Src/LCD_1inch28.o
                0x000000000800167a                LCD_1IN28_Clear
 .text.LCD_1IN28_DrawPaint
                0x00000000080016c6       0x2e ./Core/Src/LCD_1inch28.o
                0x00000000080016c6                LCD_1IN28_DrawPaint
 .text.main     0x00000000080016f4      0x18c ./Core/Src/main.o
                0x00000000080016f4                main
 .text.SystemClock_Config
                0x0000000008001880       0xd4 ./Core/Src/main.o
                0x0000000008001880                SystemClock_Config
 .text.MX_SPI1_Init
                0x0000000008001954       0x6c ./Core/Src/main.o
 .text.MX_USART2_UART_Init
                0x00000000080019c0       0x54 ./Core/Src/main.o
 .text.MX_GPIO_Init
                0x0000000008001a14      0x2cc ./Core/Src/main.o
 .text.Error_Handler
                0x0000000008001ce0        0xa ./Core/Src/main.o
                0x0000000008001ce0                Error_Handler
 *fill*         0x0000000008001cea        0x2 
 .text.HAL_MspInit
                0x0000000008001cec       0x50 ./Core/Src/stm32f4xx_hal_msp.o
                0x0000000008001cec                HAL_MspInit
 .text.HAL_SPI_MspInit
                0x0000000008001d3c       0x90 ./Core/Src/stm32f4xx_hal_msp.o
                0x0000000008001d3c                HAL_SPI_MspInit
 .text.HAL_UART_MspInit
                0x0000000008001dcc       0x90 ./Core/Src/stm32f4xx_hal_msp.o
                0x0000000008001dcc                HAL_UART_MspInit
 .text.NMI_Handler
                0x0000000008001e5c        0x6 ./Core/Src/stm32f4xx_it.o
                0x0000000008001e5c                NMI_Handler
 .text.HardFault_Handler
                0x0000000008001e62        0x6 ./Core/Src/stm32f4xx_it.o
                0x0000000008001e62                HardFault_Handler
 .text.MemManage_Handler
                0x0000000008001e68        0x6 ./Core/Src/stm32f4xx_it.o
                0x0000000008001e68                MemManage_Handler
 .text.BusFault_Handler
                0x0000000008001e6e        0x6 ./Core/Src/stm32f4xx_it.o
                0x0000000008001e6e                BusFault_Handler
 .text.UsageFault_Handler
                0x0000000008001e74        0x6 ./Core/Src/stm32f4xx_it.o
                0x0000000008001e74                UsageFault_Handler
 .text.SVC_Handler
                0x0000000008001e7a        0xe ./Core/Src/stm32f4xx_it.o
                0x0000000008001e7a                SVC_Handler
 .text.DebugMon_Handler
                0x0000000008001e88        0xe ./Core/Src/stm32f4xx_it.o
                0x0000000008001e88                DebugMon_Handler
 .text.PendSV_Handler
                0x0000000008001e96        0xe ./Core/Src/stm32f4xx_it.o
                0x0000000008001e96                PendSV_Handler
 .text.SysTick_Handler
                0x0000000008001ea4        0xc ./Core/Src/stm32f4xx_it.o
                0x0000000008001ea4                SysTick_Handler
 .text.SystemInit
                0x0000000008001eb0       0x24 ./Core/Src/system_stm32f4xx.o
                0x0000000008001eb0                SystemInit
 .text.Reset_Handler
                0x0000000008001ed4       0x50 ./Core/Startup/startup_stm32f407vgtx.o
                0x0000000008001ed4                Reset_Handler
 .text.Default_Handler
                0x0000000008001f24        0x2 ./Core/Startup/startup_stm32f407vgtx.o
                0x0000000008001f24                RTC_Alarm_IRQHandler
                0x0000000008001f24                HASH_RNG_IRQHandler
                0x0000000008001f24                EXTI2_IRQHandler
                0x0000000008001f24                TIM8_CC_IRQHandler
                0x0000000008001f24                TIM1_CC_IRQHandler
                0x0000000008001f24                DMA2_Stream5_IRQHandler
                0x0000000008001f24                DMA1_Stream5_IRQHandler
                0x0000000008001f24                PVD_IRQHandler
                0x0000000008001f24                SDIO_IRQHandler
                0x0000000008001f24                TAMP_STAMP_IRQHandler
                0x0000000008001f24                CAN2_RX1_IRQHandler
                0x0000000008001f24                EXTI3_IRQHandler
                0x0000000008001f24                TIM8_TRG_COM_TIM14_IRQHandler
                0x0000000008001f24                TIM1_UP_TIM10_IRQHandler
                0x0000000008001f24                TIM8_UP_TIM13_IRQHandler
                0x0000000008001f24                I2C3_ER_IRQHandler
                0x0000000008001f24                EXTI0_IRQHandler
                0x0000000008001f24                I2C2_EV_IRQHandler
                0x0000000008001f24                DMA1_Stream2_IRQHandler
                0x0000000008001f24                CAN1_RX0_IRQHandler
                0x0000000008001f24                FPU_IRQHandler
                0x0000000008001f24                OTG_HS_WKUP_IRQHandler
                0x0000000008001f24                CAN2_SCE_IRQHandler
                0x0000000008001f24                DMA2_Stream2_IRQHandler
                0x0000000008001f24                SPI1_IRQHandler
                0x0000000008001f24                TIM6_DAC_IRQHandler
                0x0000000008001f24                TIM1_BRK_TIM9_IRQHandler
                0x0000000008001f24                DCMI_IRQHandler
                0x0000000008001f24                CAN2_RX0_IRQHandler
                0x0000000008001f24                DMA2_Stream3_IRQHandler
                0x0000000008001f24                USART6_IRQHandler
                0x0000000008001f24                USART3_IRQHandler
                0x0000000008001f24                CAN1_RX1_IRQHandler
                0x0000000008001f24                UART5_IRQHandler
                0x0000000008001f24                DMA2_Stream0_IRQHandler
                0x0000000008001f24                TIM4_IRQHandler
                0x0000000008001f24                I2C1_EV_IRQHandler
                0x0000000008001f24                DMA1_Stream6_IRQHandler
                0x0000000008001f24                DMA1_Stream1_IRQHandler
                0x0000000008001f24                UART4_IRQHandler
                0x0000000008001f24                TIM3_IRQHandler
                0x0000000008001f24                RCC_IRQHandler
                0x0000000008001f24                TIM8_BRK_TIM12_IRQHandler
                0x0000000008001f24                Default_Handler
                0x0000000008001f24                EXTI15_10_IRQHandler
                0x0000000008001f24                ADC_IRQHandler
                0x0000000008001f24                DMA1_Stream7_IRQHandler
                0x0000000008001f24                TIM7_IRQHandler
                0x0000000008001f24                CAN2_TX_IRQHandler
                0x0000000008001f24                TIM5_IRQHandler
                0x0000000008001f24                DMA2_Stream7_IRQHandler
                0x0000000008001f24                I2C3_EV_IRQHandler
                0x0000000008001f24                EXTI9_5_IRQHandler
                0x0000000008001f24                RTC_WKUP_IRQHandler
                0x0000000008001f24                ETH_WKUP_IRQHandler
                0x0000000008001f24                SPI2_IRQHandler
                0x0000000008001f24                OTG_HS_EP1_IN_IRQHandler
                0x0000000008001f24                DMA1_Stream0_IRQHandler
                0x0000000008001f24                CAN1_TX_IRQHandler
                0x0000000008001f24                EXTI4_IRQHandler
                0x0000000008001f24                FSMC_IRQHandler
                0x0000000008001f24                ETH_IRQHandler
                0x0000000008001f24                OTG_HS_EP1_OUT_IRQHandler
                0x0000000008001f24                WWDG_IRQHandler
                0x0000000008001f24                TIM2_IRQHandler
                0x0000000008001f24                OTG_FS_WKUP_IRQHandler
                0x0000000008001f24                TIM1_TRG_COM_TIM11_IRQHandler
                0x0000000008001f24                OTG_HS_IRQHandler
                0x0000000008001f24                EXTI1_IRQHandler
                0x0000000008001f24                USART2_IRQHandler
                0x0000000008001f24                I2C2_ER_IRQHandler
                0x0000000008001f24                DMA2_Stream1_IRQHandler
                0x0000000008001f24                CAN1_SCE_IRQHandler
                0x0000000008001f24                FLASH_IRQHandler
                0x0000000008001f24                DMA2_Stream4_IRQHandler
                0x0000000008001f24                USART1_IRQHandler
                0x0000000008001f24                OTG_FS_IRQHandler
                0x0000000008001f24                SPI3_IRQHandler
                0x0000000008001f24                DMA1_Stream4_IRQHandler
                0x0000000008001f24                I2C1_ER_IRQHandler
                0x0000000008001f24                DMA2_Stream6_IRQHandler
                0x0000000008001f24                DMA1_Stream3_IRQHandler
 *fill*         0x0000000008001f26        0x2 
 .text.HAL_Init
                0x0000000008001f28       0x44 ./Drivers/STM32F4xx_HAL_Driver/Src/stm32f4xx_hal.o
                0x0000000008001f28                HAL_Init
 .text.HAL_InitTick
                0x0000000008001f6c       0x60 ./Drivers/STM32F4xx_HAL_Driver/Src/stm32f4xx_hal.o
                0x0000000008001f6c                HAL_InitTick
 .text.HAL_IncTick
                0x0000000008001fcc       0x28 ./Drivers/STM32F4xx_HAL_Driver/Src/stm32f4xx_hal.o
                0x0000000008001fcc                HAL_IncTick
 .text.HAL_GetTick
                0x0000000008001ff4       0x18 ./Drivers/STM32F4xx_HAL_Driver/Src/stm32f4xx_hal.o
                0x0000000008001ff4                HAL_GetTick
 .text.HAL_Delay
                0x000000000800200c       0x48 ./Drivers/STM32F4xx_HAL_Driver/Src/stm32f4xx_hal.o
                0x000000000800200c                HAL_Delay
 .text.__NVIC_SetPriorityGrouping
                0x0000000008002054       0x48 ./Drivers/STM32F4xx_HAL_Driver/Src/stm32f4xx_hal_cortex.o
 .text.__NVIC_GetPriorityGrouping
                0x000000000800209c       0x1c ./Drivers/STM32F4xx_HAL_Driver/Src/stm32f4xx_hal_cortex.o
 .text.__NVIC_SetPriority
                0x00000000080020b8       0x54 ./Drivers/STM32F4xx_HAL_Driver/Src/stm32f4xx_hal_cortex.o
 .text.NVIC_EncodePriority
                0x000000000800210c       0x66 ./Drivers/STM32F4xx_HAL_Driver/Src/stm32f4xx_hal_cortex.o
 *fill*         0x0000000008002172        0x2 
 .text.SysTick_Config
                0x0000000008002174       0x44 ./Drivers/STM32F4xx_HAL_Driver/Src/stm32f4xx_hal_cortex.o
 .text.HAL_NVIC_SetPriorityGrouping
                0x00000000080021b8       0x16 ./Drivers/STM32F4xx_HAL_Driver/Src/stm32f4xx_hal_cortex.o
                0x00000000080021b8                HAL_NVIC_SetPriorityGrouping
 .text.HAL_NVIC_SetPriority
                0x00000000080021ce       0x38 ./Drivers/STM32F4xx_HAL_Driver/Src/stm32f4xx_hal_cortex.o
                0x00000000080021ce                HAL_NVIC_SetPriority
 .text.HAL_SYSTICK_Config
                0x0000000008002206       0x18 ./Drivers/STM32F4xx_HAL_Driver/Src/stm32f4xx_hal_cortex.o
                0x0000000008002206                HAL_SYSTICK_Config
 *fill*         0x000000000800221e        0x2 
 .text.HAL_GPIO_Init
                0x0000000008002220      0x338 ./Drivers/STM32F4xx_HAL_Driver/Src/stm32f4xx_hal_gpio.o
                0x0000000008002220                HAL_GPIO_Init
 .text.HAL_GPIO_WritePin
                0x0000000008002558       0x32 ./Drivers/STM32F4xx_HAL_Driver/Src/stm32f4xx_hal_gpio.o
                0x0000000008002558                HAL_GPIO_WritePin
 *fill*         0x000000000800258a        0x2 
 .text.HAL_RCC_OscConfig
                0x000000000800258c      0x4f0 ./Drivers/STM32F4xx_HAL_Driver/Src/stm32f4xx_hal_rcc.o
                0x000000000800258c                HAL_RCC_OscConfig
 .text.HAL_RCC_ClockConfig
                0x0000000008002a7c      0x1cc ./Drivers/STM32F4xx_HAL_Driver/Src/stm32f4xx_hal_rcc.o
                0x0000000008002a7c                HAL_RCC_ClockConfig
 .text.HAL_RCC_GetSysClockFreq
                0x0000000008002c48      0x20c ./Drivers/STM32F4xx_HAL_Driver/Src/stm32f4xx_hal_rcc.o
                0x0000000008002c48                HAL_RCC_GetSysClockFreq
 .text.HAL_RCC_GetHCLKFreq
                0x0000000008002e54       0x18 ./Drivers/STM32F4xx_HAL_Driver/Src/stm32f4xx_hal_rcc.o
                0x0000000008002e54                HAL_RCC_GetHCLKFreq
 .text.HAL_RCC_GetPCLK1Freq
                0x0000000008002e6c       0x28 ./Drivers/STM32F4xx_HAL_Driver/Src/stm32f4xx_hal_rcc.o
                0x0000000008002e6c                HAL_RCC_GetPCLK1Freq
 .text.HAL_RCC_GetPCLK2Freq
                0x0000000008002e94       0x28 ./Drivers/STM32F4xx_HAL_Driver/Src/stm32f4xx_hal_rcc.o
                0x0000000008002e94                HAL_RCC_GetPCLK2Freq
 .text.HAL_SPI_Init
                0x0000000008002ebc      0x112 ./Drivers/STM32F4xx_HAL_Driver/Src/stm32f4xx_hal_spi.o
                0x0000000008002ebc                HAL_SPI_Init
 .text.HAL_SPI_Transmit
                0x0000000008002fce      0x278 ./Drivers/STM32F4xx_HAL_Driver/Src/stm32f4xx_hal_spi.o
                0x0000000008002fce                HAL_SPI_Transmit
 *fill*         0x0000000008003246        0x2 
 .text.SPI_WaitFlagStateUntilTimeout
                0x0000000008003248      0x110 ./Drivers/STM32F4xx_HAL_Driver/Src/stm32f4xx_hal_spi.o
 .text.SPI_EndRxTxTransaction
                0x0000000008003358       0x84 ./Drivers/STM32F4xx_HAL_Driver/Src/stm32f4xx_hal_spi.o
 .text.HAL_UART_Init
                0x00000000080033dc       0x9a ./Drivers/STM32F4xx_HAL_Driver/Src/stm32f4xx_hal_uart.o
                0x00000000080033dc                HAL_UART_Init
 .text.HAL_UART_Transmit
                0x0000000008003476      0x124 ./Drivers/STM32F4xx_HAL_Driver/Src/stm32f4xx_hal_uart.o
                0x0000000008003476                HAL_UART_Transmit
 .text.UART_WaitOnFlagUntilTimeout
                0x000000000800359a       0xdc ./Drivers/STM32F4xx_HAL_Driver/Src/stm32f4xx_hal_uart.o
 *fill*         0x0000000008003676        0x2 
 .text.UART_SetConfig
                0x0000000008003678      0x4e8 ./Drivers/STM32F4xx_HAL_Driver/Src/stm32f4xx_hal_uart.o
 .text.__libc_init_array
                0x0000000008003b60       0x48 c:/st/stm32cubeide_1.11.0/stm32cubeide/plugins/com.st.stm32cube.ide.mcu.externaltools.gnu-tools-for-stm32.10.3-2021.10.win32_1.0.100.202210260954/tools/bin/../lib/gcc/arm-none-eabi/10.3.1/../../../../arm-none-eabi/lib/thumb/v7e-m+fp/hard\libc_nano.a(lib_a-init.o)
                0x0000000008003b60                __libc_init_array
 .text.memset   0x0000000008003ba8       0x10 c:/st/stm32cubeide_1.11.0/stm32cubeide/plugins/com.st.stm32cube.ide.mcu.externaltools.gnu-tools-for-stm32.10.3-2021.10.win32_1.0.100.202210260954/tools/bin/../lib/gcc/arm-none-eabi/10.3.1/../../../../arm-none-eabi/lib/thumb/v7e-m+fp/hard\libc_nano.a(lib_a-memset.o)
                0x0000000008003ba8                memset
 *(.glue_7)
 .glue_7        0x0000000008003bb8        0x0 linker stubs
 *(.glue_7t)
 .glue_7t       0x0000000008003bb8        0x0 linker stubs
 *(.eh_frame)
 .eh_frame      0x0000000008003bb8        0x0 c:/st/stm32cubeide_1.11.0/stm32cubeide/plugins/com.st.stm32cube.ide.mcu.externaltools.gnu-tools-for-stm32.10.3-2021.10.win32_1.0.100.202210260954/tools/bin/../lib/gcc/arm-none-eabi/10.3.1/thumb/v7e-m+fp/hard/crtbegin.o
 *(.init)
 .init          0x0000000008003bb8        0x4 c:/st/stm32cubeide_1.11.0/stm32cubeide/plugins/com.st.stm32cube.ide.mcu.externaltools.gnu-tools-for-stm32.10.3-2021.10.win32_1.0.100.202210260954/tools/bin/../lib/gcc/arm-none-eabi/10.3.1/thumb/v7e-m+fp/hard/crti.o
                0x0000000008003bb8                _init
 .init          0x0000000008003bbc        0x8 c:/st/stm32cubeide_1.11.0/stm32cubeide/plugins/com.st.stm32cube.ide.mcu.externaltools.gnu-tools-for-stm32.10.3-2021.10.win32_1.0.100.202210260954/tools/bin/../lib/gcc/arm-none-eabi/10.3.1/thumb/v7e-m+fp/hard/crtn.o
 *(.fini)
 .fini          0x0000000008003bc4        0x4 c:/st/stm32cubeide_1.11.0/stm32cubeide/plugins/com.st.stm32cube.ide.mcu.externaltools.gnu-tools-for-stm32.10.3-2021.10.win32_1.0.100.202210260954/tools/bin/../lib/gcc/arm-none-eabi/10.3.1/thumb/v7e-m+fp/hard/crti.o
                0x0000000008003bc4                _fini
 .fini          0x0000000008003bc8        0x8 c:/st/stm32cubeide_1.11.0/stm32cubeide/plugins/com.st.stm32cube.ide.mcu.externaltools.gnu-tools-for-stm32.10.3-2021.10.win32_1.0.100.202210260954/tools/bin/../lib/gcc/arm-none-eabi/10.3.1/thumb/v7e-m+fp/hard/crtn.o
                0x0000000008003bd0                . = ALIGN (0x4)
                0x0000000008003bd0                _etext = .

.vfp11_veneer   0x0000000008003bd0        0x0
 .vfp11_veneer  0x0000000008003bd0        0x0 linker stubs

.v4_bx          0x0000000008003bd0        0x0
 .v4_bx         0x0000000008003bd0        0x0 linker stubs

.iplt           0x0000000008003bd0        0x0
 .iplt          0x0000000008003bd0        0x0 c:/st/stm32cubeide_1.11.0/stm32cubeide/plugins/com.st.stm32cube.ide.mcu.externaltools.gnu-tools-for-stm32.10.3-2021.10.win32_1.0.100.202210260954/tools/bin/../lib/gcc/arm-none-eabi/10.3.1/thumb/v7e-m+fp/hard/crtbegin.o

.rodata         0x0000000008003bd0     0x325c
                0x0000000008003bd0                . = ALIGN (0x4)
 *(.rodata)
 .rodata        0x0000000008003bd0       0x1a ./Core/Src/main.o
 *(.rodata*)
 *fill*         0x0000000008003bea        0x2 
 .rodata.Font16_Table
                0x0000000008003bec      0xbe0 ./Core/Src/font16.o
                0x0000000008003bec                Font16_Table
 .rodata.gImage_70X70
                0x00000000080047cc     0x2648 ./Core/Src/image.o
                0x00000000080047cc                gImage_70X70
 .rodata.AHBPrescTable
                0x0000000008006e14       0x10 ./Core/Src/system_stm32f4xx.o
                0x0000000008006e14                AHBPrescTable
 .rodata.APBPrescTable
                0x0000000008006e24        0x8 ./Core/Src/system_stm32f4xx.o
                0x0000000008006e24                APBPrescTable
                0x0000000008006e2c                . = ALIGN (0x4)

.ARM.extab      0x0000000008006e2c        0x0
                0x0000000008006e2c                . = ALIGN (0x4)
 *(.ARM.extab* .gnu.linkonce.armextab.*)
                0x0000000008006e2c                . = ALIGN (0x4)

.ARM            0x0000000008006e2c        0x8
                0x0000000008006e2c                . = ALIGN (0x4)
                0x0000000008006e2c                __exidx_start = .
 *(.ARM.exidx*)
 .ARM.exidx     0x0000000008006e2c        0x8 c:/st/stm32cubeide_1.11.0/stm32cubeide/plugins/com.st.stm32cube.ide.mcu.externaltools.gnu-tools-for-stm32.10.3-2021.10.win32_1.0.100.202210260954/tools/bin/../lib/gcc/arm-none-eabi/10.3.1/thumb/v7e-m+fp/hard\libgcc.a(_udivmoddi4.o)
                0x0000000008006e34                __exidx_end = .
                0x0000000008006e34                . = ALIGN (0x4)

.rel.dyn        0x0000000008006e34        0x0
 .rel.iplt      0x0000000008006e34        0x0 c:/st/stm32cubeide_1.11.0/stm32cubeide/plugins/com.st.stm32cube.ide.mcu.externaltools.gnu-tools-for-stm32.10.3-2021.10.win32_1.0.100.202210260954/tools/bin/../lib/gcc/arm-none-eabi/10.3.1/thumb/v7e-m+fp/hard/crtbegin.o

.preinit_array  0x0000000008006e34        0x0
                0x0000000008006e34                . = ALIGN (0x4)
                0x0000000008006e34                PROVIDE (__preinit_array_start = .)
 *(.preinit_array*)
                0x0000000008006e34                PROVIDE (__preinit_array_end = .)
                0x0000000008006e34                . = ALIGN (0x4)

.init_array     0x0000000008006e34        0x4
                0x0000000008006e34                . = ALIGN (0x4)
                0x0000000008006e34                PROVIDE (__init_array_start = .)
 *(SORT_BY_NAME(.init_array.*))
 *(.init_array*)
 .init_array    0x0000000008006e34        0x4 c:/st/stm32cubeide_1.11.0/stm32cubeide/plugins/com.st.stm32cube.ide.mcu.externaltools.gnu-tools-for-stm32.10.3-2021.10.win32_1.0.100.202210260954/tools/bin/../lib/gcc/arm-none-eabi/10.3.1/thumb/v7e-m+fp/hard/crtbegin.o
                0x0000000008006e38                PROVIDE (__init_array_end = .)
                0x0000000008006e38                . = ALIGN (0x4)

.fini_array     0x0000000008006e38        0x4
                0x0000000008006e38                . = ALIGN (0x4)
                [!provide]                        PROVIDE (__fini_array_start = .)
 *(SORT_BY_NAME(.fini_array.*))
 *(.fini_array*)
 .fini_array    0x0000000008006e38        0x4 c:/st/stm32cubeide_1.11.0/stm32cubeide/plugins/com.st.stm32cube.ide.mcu.externaltools.gnu-tools-for-stm32.10.3-2021.10.win32_1.0.100.202210260954/tools/bin/../lib/gcc/arm-none-eabi/10.3.1/thumb/v7e-m+fp/hard/crtbegin.o
                [!provide]                        PROVIDE (__fini_array_end = .)
                0x0000000008006e3c                . = ALIGN (0x4)
                0x0000000008006e3c                _sidata = LOADADDR (.data)

.data           0x0000000020000000       0x14 load address 0x0000000008006e3c
                0x0000000020000000                . = ALIGN (0x4)
                0x0000000020000000                _sdata = .
 *(.data)
 *(.data*)
 .data.Font16   0x0000000020000000        0x8 ./Core/Src/font16.o
                0x0000000020000000                Font16
 .data.SystemCoreClock
                0x0000000020000008        0x4 ./Core/Src/system_stm32f4xx.o
                0x0000000020000008                SystemCoreClock
 .data.uwTickPrio
                0x000000002000000c        0x4 ./Drivers/STM32F4xx_HAL_Driver/Src/stm32f4xx_hal.o
                0x000000002000000c                uwTickPrio
 .data.uwTickFreq
                0x0000000020000010        0x1 ./Drivers/STM32F4xx_HAL_Driver/Src/stm32f4xx_hal.o
                0x0000000020000010                uwTickFreq
 *(.RamFunc)
 *(.RamFunc*)
                0x0000000020000014                . = ALIGN (0x4)
 *fill*         0x0000000020000011        0x3 
                0x0000000020000014                _edata = .
                0x0000000008006e50                _siccmram = LOADADDR (.ccmram)

.igot.plt       0x0000000020000014        0x0 load address 0x0000000008006e50
 .igot.plt      0x0000000020000014        0x0 c:/st/stm32cubeide_1.11.0/stm32cubeide/plugins/com.st.stm32cube.ide.mcu.externaltools.gnu-tools-for-stm32.10.3-2021.10.win32_1.0.100.202210260954/tools/bin/../lib/gcc/arm-none-eabi/10.3.1/thumb/v7e-m+fp/hard/crtbegin.o

.ccmram         0x0000000010000000        0x0 load address 0x0000000008006e50
                0x0000000010000000                . = ALIGN (0x4)
                0x0000000010000000                _sccmram = .
 *(.ccmram)
 *(.ccmram*)
                0x0000000010000000                . = ALIGN (0x4)
                0x0000000010000000                _eccmram = .
                0x0000000010000000                . = ALIGN (0x4)

.bss            0x0000000020000014       0xe4
                0x0000000020000014                _sbss = .
                0x0000000020000014                __bss_start__ = _sbss
 *(.bss)
 .bss           0x0000000020000014       0x1c c:/st/stm32cubeide_1.11.0/stm32cubeide/plugins/com.st.stm32cube.ide.mcu.externaltools.gnu-tools-for-stm32.10.3-2021.10.win32_1.0.100.202210260954/tools/bin/../lib/gcc/arm-none-eabi/10.3.1/thumb/v7e-m+fp/hard/crtbegin.o
 *(.bss*)
 .bss.Paint     0x0000000020000030       0x18 ./Core/Src/GUI_Paint.o
                0x0000000020000030                Paint
 .bss.DISPLAY   0x0000000020000048        0x4 ./Core/Src/GUI_Paint.o
                0x0000000020000048                DISPLAY
 .bss.CLEAR     0x000000002000004c        0x4 ./Core/Src/GUI_Paint.o
                0x000000002000004c                CLEAR
 .bss.LCD_1IN28
                0x0000000020000050        0x6 ./Core/Src/LCD_1inch28.o
                0x0000000020000050                LCD_1IN28
 *fill*         0x0000000020000056        0x2 
 .bss.hspi1     0x0000000020000058       0x58 ./Core/Src/main.o
                0x0000000020000058                hspi1
 .bss.huart2    0x00000000200000b0       0x44 ./Core/Src/main.o
                0x00000000200000b0                huart2
 .bss.uwTick    0x00000000200000f4        0x4 ./Drivers/STM32F4xx_HAL_Driver/Src/stm32f4xx_hal.o
                0x00000000200000f4                uwTick
 *(COMMON)
                0x00000000200000f8                . = ALIGN (0x4)
                0x00000000200000f8                _ebss = .
                0x00000000200000f8                __bss_end__ = _ebss

._user_heap_stack
                0x00000000200000f8      0x600
                0x00000000200000f8                . = ALIGN (0x8)
                [!provide]                        PROVIDE (end = .)
                0x00000000200000f8                PROVIDE (_end = .)
                0x00000000200002f8                . = (. + _Min_Heap_Size)
 *fill*         0x00000000200000f8      0x200 
                0x00000000200006f8                . = (. + _Min_Stack_Size)
 *fill*         0x00000000200002f8      0x400 
                0x00000000200006f8                . = ALIGN (0x8)

/DISCARD/
 libc.a(*)
 libm.a(*)
 libgcc.a(*)

.ARM.attributes
                0x0000000000000000       0x30
 *(.ARM.attributes)
 .ARM.attributes
                0x0000000000000000       0x1e c:/st/stm32cubeide_1.11.0/stm32cubeide/plugins/com.st.stm32cube.ide.mcu.externaltools.gnu-tools-for-stm32.10.3-2021.10.win32_1.0.100.202210260954/tools/bin/../lib/gcc/arm-none-eabi/10.3.1/thumb/v7e-m+fp/hard/crti.o
 .ARM.attributes
                0x000000000000001e       0x34 c:/st/stm32cubeide_1.11.0/stm32cubeide/plugins/com.st.stm32cube.ide.mcu.externaltools.gnu-tools-for-stm32.10.3-2021.10.win32_1.0.100.202210260954/tools/bin/../lib/gcc/arm-none-eabi/10.3.1/thumb/v7e-m+fp/hard/crtbegin.o
 .ARM.attributes
                0x0000000000000052       0x34 ./Core/Src/GUI_Paint.o
 .ARM.attributes
                0x0000000000000086       0x34 ./Core/Src/LCD_1inch28.o
 .ARM.attributes
                0x00000000000000ba       0x34 ./Core/Src/font16.o
 .ARM.attributes
                0x00000000000000ee       0x34 ./Core/Src/image.o
 .ARM.attributes
                0x0000000000000122       0x34 ./Core/Src/main.o
 .ARM.attributes
                0x0000000000000156       0x34 ./Core/Src/stm32f4xx_hal_msp.o
 .ARM.attributes
                0x000000000000018a       0x34 ./Core/Src/stm32f4xx_it.o
 .ARM.attributes
                0x00000000000001be       0x34 ./Core/Src/system_stm32f4xx.o
 .ARM.attributes
                0x00000000000001f2       0x21 ./Core/Startup/startup_stm32f407vgtx.o
 .ARM.attributes
                0x0000000000000213       0x34 ./Drivers/STM32F4xx_HAL_Driver/Src/stm32f4xx_hal.o
 .ARM.attributes
                0x0000000000000247       0x34 ./Drivers/STM32F4xx_HAL_Driver/Src/stm32f4xx_hal_cortex.o
 .ARM.attributes
                0x000000000000027b       0x34 ./Drivers/STM32F4xx_HAL_Driver/Src/stm32f4xx_hal_gpio.o
 .ARM.attributes
                0x00000000000002af       0x34 ./Drivers/STM32F4xx_HAL_Driver/Src/stm32f4xx_hal_rcc.o
 .ARM.attributes
                0x00000000000002e3       0x34 ./Drivers/STM32F4xx_HAL_Driver/Src/stm32f4xx_hal_spi.o
 .ARM.attributes
                0x0000000000000317       0x34 ./Drivers/STM32F4xx_HAL_Driver/Src/stm32f4xx_hal_uart.o
 .ARM.attributes
                0x000000000000034b       0x34 c:/st/stm32cubeide_1.11.0/stm32cubeide/plugins/com.st.stm32cube.ide.mcu.externaltools.gnu-tools-for-stm32.10.3-2021.10.win32_1.0.100.202210260954/tools/bin/../lib/gcc/arm-none-eabi/10.3.1/../../../../arm-none-eabi/lib/thumb/v7e-m+fp/hard\libc_nano.a(lib_a-init.o)
 .ARM.attributes
                0x000000000000037f       0x34 c:/st/stm32cubeide_1.11.0/stm32cubeide/plugins/com.st.stm32cube.ide.mcu.externaltools.gnu-tools-for-stm32.10.3-2021.10.win32_1.0.100.202210260954/tools/bin/../lib/gcc/arm-none-eabi/10.3.1/../../../../arm-none-eabi/lib/thumb/v7e-m+fp/hard\libc_nano.a(lib_a-memset.o)
 .ARM.attributes
                0x00000000000003b3       0x17 c:/st/stm32cubeide_1.11.0/stm32cubeide/plugins/com.st.stm32cube.ide.mcu.externaltools.gnu-tools-for-stm32.10.3-2021.10.win32_1.0.100.202210260954/tools/bin/../lib/gcc/arm-none-eabi/10.3.1/../../../../arm-none-eabi/lib/thumb/v7e-m+fp/hard\libc_nano.a(lib_a-strlen.o)
 .ARM.attributes
                0x00000000000003ca       0x1e c:/st/stm32cubeide_1.11.0/stm32cubeide/plugins/com.st.stm32cube.ide.mcu.externaltools.gnu-tools-for-stm32.10.3-2021.10.win32_1.0.100.202210260954/tools/bin/../lib/gcc/arm-none-eabi/10.3.1/thumb/v7e-m+fp/hard\libgcc.a(_aeabi_uldivmod.o)
 .ARM.attributes
                0x00000000000003e8       0x34 c:/st/stm32cubeide_1.11.0/stm32cubeide/plugins/com.st.stm32cube.ide.mcu.externaltools.gnu-tools-for-stm32.10.3-2021.10.win32_1.0.100.202210260954/tools/bin/../lib/gcc/arm-none-eabi/10.3.1/thumb/v7e-m+fp/hard\libgcc.a(_udivmoddi4.o)
 .ARM.attributes
                0x000000000000041c       0x1e c:/st/stm32cubeide_1.11.0/stm32cubeide/plugins/com.st.stm32cube.ide.mcu.externaltools.gnu-tools-for-stm32.10.3-2021.10.win32_1.0.100.202210260954/tools/bin/../lib/gcc/arm-none-eabi/10.3.1/thumb/v7e-m+fp/hard\libgcc.a(_dvmd_tls.o)
 .ARM.attributes
                0x000000000000043a       0x1e c:/st/stm32cubeide_1.11.0/stm32cubeide/plugins/com.st.stm32cube.ide.mcu.externaltools.gnu-tools-for-stm32.10.3-2021.10.win32_1.0.100.202210260954/tools/bin/../lib/gcc/arm-none-eabi/10.3.1/thumb/v7e-m+fp/hard/crtn.o
OUTPUT(Screen_Test.elf elf32-littlearm)
LOAD linker stubs
LOAD c:/st/stm32cubeide_1.11.0/stm32cubeide/plugins/com.st.stm32cube.ide.mcu.externaltools.gnu-tools-for-stm32.10.3-2021.10.win32_1.0.100.202210260954/tools/bin/../lib/gcc/arm-none-eabi/10.3.1/../../../../arm-none-eabi/lib/thumb/v7e-m+fp/hard\libc.a
LOAD c:/st/stm32cubeide_1.11.0/stm32cubeide/plugins/com.st.stm32cube.ide.mcu.externaltools.gnu-tools-for-stm32.10.3-2021.10.win32_1.0.100.202210260954/tools/bin/../lib/gcc/arm-none-eabi/10.3.1/../../../../arm-none-eabi/lib/thumb/v7e-m+fp/hard\libm.a
LOAD c:/st/stm32cubeide_1.11.0/stm32cubeide/plugins/com.st.stm32cube.ide.mcu.externaltools.gnu-tools-for-stm32.10.3-2021.10.win32_1.0.100.202210260954/tools/bin/../lib/gcc/arm-none-eabi/10.3.1/thumb/v7e-m+fp/hard\libgcc.a

.debug_info     0x0000000000000000     0xb112
 .debug_info    0x0000000000000000      0xdc7 ./Core/Src/GUI_Paint.o
 .debug_info    0x0000000000000dc7      0xaa9 ./Core/Src/LCD_1inch28.o
 .debug_info    0x0000000000001870      0x12e ./Core/Src/font16.o
 .debug_info    0x000000000000199e       0xae ./Core/Src/image.o
 .debug_info    0x0000000000001a4c     0x124d ./Core/Src/main.o
 .debug_info    0x0000000000002c99      0xc98 ./Core/Src/stm32f4xx_hal_msp.o
 .debug_info    0x0000000000003931      0x121 ./Core/Src/stm32f4xx_it.o
 .debug_info    0x0000000000003a52      0x523 ./Core/Src/system_stm32f4xx.o
 .debug_info    0x0000000000003f75       0x22 ./Core/Startup/startup_stm32f407vgtx.o
 .debug_info    0x0000000000003f97      0x97c ./Drivers/STM32F4xx_HAL_Driver/Src/stm32f4xx_hal.o
 .debug_info    0x0000000000004913      0xe1b ./Drivers/STM32F4xx_HAL_Driver/Src/stm32f4xx_hal_cortex.o
 .debug_info    0x000000000000572e      0x76a ./Drivers/STM32F4xx_HAL_Driver/Src/stm32f4xx_hal_gpio.o
 .debug_info    0x0000000000005e98      0x966 ./Drivers/STM32F4xx_HAL_Driver/Src/stm32f4xx_hal_rcc.o
 .debug_info    0x00000000000067fe     0x1758 ./Drivers/STM32F4xx_HAL_Driver/Src/stm32f4xx_hal_spi.o
 .debug_info    0x0000000000007f56     0x31bc ./Drivers/STM32F4xx_HAL_Driver/Src/stm32f4xx_hal_uart.o

.debug_abbrev   0x0000000000000000     0x1a57
 .debug_abbrev  0x0000000000000000      0x1df ./Core/Src/GUI_Paint.o
 .debug_abbrev  0x00000000000001df      0x276 ./Core/Src/LCD_1inch28.o
 .debug_abbrev  0x0000000000000455       0xb1 ./Core/Src/font16.o
 .debug_abbrev  0x0000000000000506       0x71 ./Core/Src/image.o
 .debug_abbrev  0x0000000000000577      0x2a1 ./Core/Src/main.o
 .debug_abbrev  0x0000000000000818      0x1b0 ./Core/Src/stm32f4xx_hal_msp.o
 .debug_abbrev  0x00000000000009c8       0x74 ./Core/Src/stm32f4xx_it.o
 .debug_abbrev  0x0000000000000a3c      0x116 ./Core/Src/system_stm32f4xx.o
 .debug_abbrev  0x0000000000000b52       0x12 ./Core/Startup/startup_stm32f407vgtx.o
 .debug_abbrev  0x0000000000000b64      0x20d ./Drivers/STM32F4xx_HAL_Driver/Src/stm32f4xx_hal.o
 .debug_abbrev  0x0000000000000d71      0x316 ./Drivers/STM32F4xx_HAL_Driver/Src/stm32f4xx_hal_cortex.o
 .debug_abbrev  0x0000000000001087      0x1c4 ./Drivers/STM32F4xx_HAL_Driver/Src/stm32f4xx_hal_gpio.o
 .debug_abbrev  0x000000000000124b      0x2aa ./Drivers/STM32F4xx_HAL_Driver/Src/stm32f4xx_hal_rcc.o
 .debug_abbrev  0x00000000000014f5      0x26e ./Drivers/STM32F4xx_HAL_Driver/Src/stm32f4xx_hal_spi.o
 .debug_abbrev  0x0000000000001763      0x2f4 ./Drivers/STM32F4xx_HAL_Driver/Src/stm32f4xx_hal_uart.o

.debug_aranges  0x0000000000000000      0x950
 .debug_aranges
                0x0000000000000000       0xa8 ./Core/Src/GUI_Paint.o
 .debug_aranges
                0x00000000000000a8       0x88 ./Core/Src/LCD_1inch28.o
 .debug_aranges
                0x0000000000000130       0x18 ./Core/Src/font16.o
 .debug_aranges
                0x0000000000000148       0x18 ./Core/Src/image.o
 .debug_aranges
                0x0000000000000160       0x48 ./Core/Src/main.o
 .debug_aranges
                0x00000000000001a8       0x40 ./Core/Src/stm32f4xx_hal_msp.o
 .debug_aranges
                0x00000000000001e8       0x60 ./Core/Src/stm32f4xx_it.o
 .debug_aranges
                0x0000000000000248       0x28 ./Core/Src/system_stm32f4xx.o
 .debug_aranges
                0x0000000000000270       0x28 ./Core/Startup/startup_stm32f407vgtx.o
 .debug_aranges
                0x0000000000000298       0xf0 ./Drivers/STM32F4xx_HAL_Driver/Src/stm32f4xx_hal.o
 .debug_aranges
                0x0000000000000388      0x118 ./Drivers/STM32F4xx_HAL_Driver/Src/stm32f4xx_hal_cortex.o
 .debug_aranges
                0x00000000000004a0       0x58 ./Drivers/STM32F4xx_HAL_Driver/Src/stm32f4xx_hal_gpio.o
 .debug_aranges
                0x00000000000004f8       0x88 ./Drivers/STM32F4xx_HAL_Driver/Src/stm32f4xx_hal_rcc.o
 .debug_aranges
                0x0000000000000580      0x1d0 ./Drivers/STM32F4xx_HAL_Driver/Src/stm32f4xx_hal_spi.o
 .debug_aranges
                0x0000000000000750      0x200 ./Drivers/STM32F4xx_HAL_Driver/Src/stm32f4xx_hal_uart.o

.debug_ranges   0x0000000000000000      0x888
 .debug_ranges  0x0000000000000000       0x98 ./Core/Src/GUI_Paint.o
 .debug_ranges  0x0000000000000098       0x78 ./Core/Src/LCD_1inch28.o
 .debug_ranges  0x0000000000000110       0x38 ./Core/Src/main.o
 .debug_ranges  0x0000000000000148       0x30 ./Core/Src/stm32f4xx_hal_msp.o
 .debug_ranges  0x0000000000000178       0x50 ./Core/Src/stm32f4xx_it.o
 .debug_ranges  0x00000000000001c8       0x18 ./Core/Src/system_stm32f4xx.o
 .debug_ranges  0x00000000000001e0       0x20 ./Core/Startup/startup_stm32f407vgtx.o
 .debug_ranges  0x0000000000000200       0xe0 ./Drivers/STM32F4xx_HAL_Driver/Src/stm32f4xx_hal.o
 .debug_ranges  0x00000000000002e0      0x108 ./Drivers/STM32F4xx_HAL_Driver/Src/stm32f4xx_hal_cortex.o
 .debug_ranges  0x00000000000003e8       0x48 ./Drivers/STM32F4xx_HAL_Driver/Src/stm32f4xx_hal_gpio.o
 .debug_ranges  0x0000000000000430       0x78 ./Drivers/STM32F4xx_HAL_Driver/Src/stm32f4xx_hal_rcc.o
 .debug_ranges  0x00000000000004a8      0x1c0 ./Drivers/STM32F4xx_HAL_Driver/Src/stm32f4xx_hal_spi.o
 .debug_ranges  0x0000000000000668      0x220 ./Drivers/STM32F4xx_HAL_Driver/Src/stm32f4xx_hal_uart.o

.debug_macro    0x0000000000000000    0x20f74
 .debug_macro   0x0000000000000000      0x196 ./Core/Src/GUI_Paint.o
 .debug_macro   0x0000000000000196      0xa78 ./Core/Src/GUI_Paint.o
 .debug_macro   0x0000000000000c0e       0x1c ./Core/Src/GUI_Paint.o
 .debug_macro   0x0000000000000c2a       0x22 ./Core/Src/GUI_Paint.o
 .debug_macro   0x0000000000000c4c       0x8e ./Core/Src/GUI_Paint.o
 .debug_macro   0x0000000000000cda       0x51 ./Core/Src/GUI_Paint.o
 .debug_macro   0x0000000000000d2b      0x103 ./Core/Src/GUI_Paint.o
 .debug_macro   0x0000000000000e2e       0x6a ./Core/Src/GUI_Paint.o
 .debug_macro   0x0000000000000e98      0x1df ./Core/Src/GUI_Paint.o
 .debug_macro   0x0000000000001077       0xde ./Core/Src/GUI_Paint.o
 .debug_macro   0x0000000000001155       0x1e ./Core/Src/GUI_Paint.o
 .debug_macro   0x0000000000001173       0x52 ./Core/Src/GUI_Paint.o
 .debug_macro   0x00000000000011c5       0x3c ./Core/Src/GUI_Paint.o
 .debug_macro   0x0000000000001201       0x34 ./Core/Src/GUI_Paint.o
 .debug_macro   0x0000000000001235       0x16 ./Core/Src/GUI_Paint.o
 .debug_macro   0x000000000000124b      0x10e ./Core/Src/GUI_Paint.o
 .debug_macro   0x0000000000001359       0x8d ./Core/Src/GUI_Paint.o
 .debug_macro   0x00000000000013e6       0x16 ./Core/Src/GUI_Paint.o
 .debug_macro   0x00000000000013fc       0x43 ./Core/Src/GUI_Paint.o
 .debug_macro   0x000000000000143f       0x34 ./Core/Src/GUI_Paint.o
 .debug_macro   0x0000000000001473       0x10 ./Core/Src/GUI_Paint.o
 .debug_macro   0x0000000000001483       0x58 ./Core/Src/GUI_Paint.o
 .debug_macro   0x00000000000014db       0x71 ./Core/Src/GUI_Paint.o
 .debug_macro   0x000000000000154c       0x1c ./Core/Src/GUI_Paint.o
 .debug_macro   0x0000000000001568      0x12a ./Core/Src/GUI_Paint.o
 .debug_macro   0x0000000000001692      0x341 ./Core/Src/GUI_Paint.o
 .debug_macro   0x00000000000019d3       0x16 ./Core/Src/GUI_Paint.o
 .debug_macro   0x00000000000019e9       0x29 ./Core/Src/GUI_Paint.o
 .debug_macro   0x0000000000001a12       0x16 ./Core/Src/GUI_Paint.o
 .debug_macro   0x0000000000001a28       0x35 ./Core/Src/GUI_Paint.o
 .debug_macro   0x0000000000001a5d       0x20 ./Core/Src/GUI_Paint.o
 .debug_macro   0x0000000000001a7d      0x19b ./Core/Src/GUI_Paint.o
 .debug_macro   0x0000000000001c18      0x360 ./Core/Src/LCD_1inch28.o
 .debug_macro   0x0000000000001f78       0x1c ./Core/Src/LCD_1inch28.o
 .debug_macro   0x0000000000001f94       0x10 ./Core/Src/LCD_1inch28.o
 .debug_macro   0x0000000000001fa4       0x10 ./Core/Src/LCD_1inch28.o
 .debug_macro   0x0000000000001fb4       0x1c ./Core/Src/LCD_1inch28.o
 .debug_macro   0x0000000000001fd0       0x52 ./Core/Src/LCD_1inch28.o
 .debug_macro   0x0000000000002022       0x22 ./Core/Src/LCD_1inch28.o
 .debug_macro   0x0000000000002044       0x10 ./Core/Src/LCD_1inch28.o
 .debug_macro   0x0000000000002054       0x52 ./Core/Src/LCD_1inch28.o
 .debug_macro   0x00000000000020a6       0xd5 ./Core/Src/LCD_1inch28.o
 .debug_macro   0x000000000000217b       0x1c ./Core/Src/LCD_1inch28.o
 .debug_macro   0x0000000000002197       0x3d ./Core/Src/LCD_1inch28.o
 .debug_macro   0x00000000000021d4       0x16 ./Core/Src/LCD_1inch28.o
 .debug_macro   0x00000000000021ea      0x145 ./Core/Src/LCD_1inch28.o
 .debug_macro   0x000000000000232f      0x29b ./Core/Src/LCD_1inch28.o
 .debug_macro   0x00000000000025ca       0x2e ./Core/Src/LCD_1inch28.o
 .debug_macro   0x00000000000025f8       0x2f ./Core/Src/LCD_1inch28.o
 .debug_macro   0x0000000000002627       0x1c ./Core/Src/LCD_1inch28.o
 .debug_macro   0x0000000000002643       0x22 ./Core/Src/LCD_1inch28.o
 .debug_macro   0x0000000000002665       0xd9 ./Core/Src/LCD_1inch28.o
 .debug_macro   0x000000000000273e     0x102d ./Core/Src/LCD_1inch28.o
 .debug_macro   0x000000000000376b      0x11f ./Core/Src/LCD_1inch28.o
 .debug_macro   0x000000000000388a    0x15e82 ./Core/Src/LCD_1inch28.o
 .debug_macro   0x000000000001970c       0x6d ./Core/Src/LCD_1inch28.o
 .debug_macro   0x0000000000019779     0x367e ./Core/Src/LCD_1inch28.o
 .debug_macro   0x000000000001cdf7       0x56 ./Core/Src/LCD_1inch28.o
 .debug_macro   0x000000000001ce4d      0x96b ./Core/Src/LCD_1inch28.o
 .debug_macro   0x000000000001d7b8      0x9fe ./Core/Src/LCD_1inch28.o
 .debug_macro   0x000000000001e1b6      0x115 ./Core/Src/LCD_1inch28.o
 .debug_macro   0x000000000001e2cb      0x13e ./Core/Src/LCD_1inch28.o
 .debug_macro   0x000000000001e409       0xa5 ./Core/Src/LCD_1inch28.o
 .debug_macro   0x000000000001e4ae      0x174 ./Core/Src/LCD_1inch28.o
 .debug_macro   0x000000000001e622      0x287 ./Core/Src/LCD_1inch28.o
 .debug_macro   0x000000000001e8a9       0x5f ./Core/Src/LCD_1inch28.o
 .debug_macro   0x000000000001e908      0x236 ./Core/Src/LCD_1inch28.o
 .debug_macro   0x000000000001eb3e      0x12c ./Core/Src/LCD_1inch28.o
 .debug_macro   0x000000000001ec6a      0x21e ./Core/Src/LCD_1inch28.o
 .debug_macro   0x000000000001ee88       0x2e ./Core/Src/LCD_1inch28.o
 .debug_macro   0x000000000001eeb6      0x11a ./Core/Src/LCD_1inch28.o
 .debug_macro   0x000000000001efd0       0x7e ./Core/Src/LCD_1inch28.o
 .debug_macro   0x000000000001f04e       0x89 ./Core/Src/LCD_1inch28.o
 .debug_macro   0x000000000001f0d7      0x225 ./Core/Src/LCD_1inch28.o
 .debug_macro   0x000000000001f2fc      0x295 ./Core/Src/LCD_1inch28.o
 .debug_macro   0x000000000001f591      0x12d ./Core/Src/LCD_1inch28.o
 .debug_macro   0x000000000001f6be       0x2e ./Core/Src/LCD_1inch28.o
 .debug_macro   0x000000000001f6ec       0x6c ./Core/Src/font16.o
 .debug_macro   0x000000000001f758       0x1b ./Core/Src/image.o
 .debug_macro   0x000000000001f773      0x3c5 ./Core/Src/main.o
 .debug_macro   0x000000000001fb38      0x174 ./Core/Src/main.o
 .debug_macro   0x000000000001fcac       0x5c ./Core/Src/main.o
 .debug_macro   0x000000000001fd08      0x1c6 ./Core/Src/main.o
 .debug_macro   0x000000000001fece      0x1d3 ./Core/Src/stm32f4xx_hal_msp.o
 .debug_macro   0x00000000000200a1      0x1dd ./Core/Src/stm32f4xx_it.o
 .debug_macro   0x000000000002027e      0x1c4 ./Core/Src/system_stm32f4xx.o
 .debug_macro   0x0000000000020442      0x224 ./Drivers/STM32F4xx_HAL_Driver/Src/stm32f4xx_hal.o
 .debug_macro   0x0000000000020666      0x1c4 ./Drivers/STM32F4xx_HAL_Driver/Src/stm32f4xx_hal_cortex.o
 .debug_macro   0x000000000002082a      0x1ca ./Drivers/STM32F4xx_HAL_Driver/Src/stm32f4xx_hal_gpio.o
 .debug_macro   0x00000000000209f4      0x1e8 ./Drivers/STM32F4xx_HAL_Driver/Src/stm32f4xx_hal_rcc.o
 .debug_macro   0x0000000000020bdc      0x1d3 ./Drivers/STM32F4xx_HAL_Driver/Src/stm32f4xx_hal_spi.o
 .debug_macro   0x0000000000020daf      0x1c5 ./Drivers/STM32F4xx_HAL_Driver/Src/stm32f4xx_hal_uart.o

.debug_line     0x0000000000000000     0xb49b
 .debug_line    0x0000000000000000      0xefb ./Core/Src/GUI_Paint.o
 .debug_line    0x0000000000000efb      0xbcd ./Core/Src/LCD_1inch28.o
 .debug_line    0x0000000000001ac8      0x388 ./Core/Src/font16.o
 .debug_line    0x0000000000001e50       0x4b ./Core/Src/image.o
 .debug_line    0x0000000000001e9b      0xb69 ./Core/Src/main.o
 .debug_line    0x0000000000002a04      0x744 ./Core/Src/stm32f4xx_hal_msp.o
 .debug_line    0x0000000000003148      0x76c ./Core/Src/stm32f4xx_it.o
 .debug_line    0x00000000000038b4      0x72b ./Core/Src/system_stm32f4xx.o
 .debug_line    0x0000000000003fdf       0x88 ./Core/Startup/startup_stm32f407vgtx.o
 .debug_line    0x0000000000004067      0x991 ./Drivers/STM32F4xx_HAL_Driver/Src/stm32f4xx_hal.o
 .debug_line    0x00000000000049f8      0xc40 ./Drivers/STM32F4xx_HAL_Driver/Src/stm32f4xx_hal_cortex.o
 .debug_line    0x0000000000005638      0xb05 ./Drivers/STM32F4xx_HAL_Driver/Src/stm32f4xx_hal_gpio.o
 .debug_line    0x000000000000613d      0xd0d ./Drivers/STM32F4xx_HAL_Driver/Src/stm32f4xx_hal_rcc.o
 .debug_line    0x0000000000006e4a     0x1c1b ./Drivers/STM32F4xx_HAL_Driver/Src/stm32f4xx_hal_spi.o
 .debug_line    0x0000000000008a65     0x2a36 ./Drivers/STM32F4xx_HAL_Driver/Src/stm32f4xx_hal_uart.o

.debug_str      0x0000000000000000    0xc58f7
 .debug_str     0x0000000000000000     0x7b9b ./Core/Src/GUI_Paint.o
                                       0x7e15 (size before relaxing)
 .debug_str     0x0000000000007b9b    0xbb19f ./Core/Src/LCD_1inch28.o
                                      0xc20dc (size before relaxing)
 .debug_str     0x00000000000c2d3a       0x29 ./Core/Src/font16.o
                                       0x3c9e (size before relaxing)
 .debug_str     0x00000000000c2d63       0x35 ./Core/Src/image.o
                                       0x2d28 (size before relaxing)
 .debug_str     0x00000000000c2d98      0xbe3 ./Core/Src/main.o
                                      0xc2fc5 (size before relaxing)
 .debug_str     0x00000000000c397b       0xaa ./Core/Src/stm32f4xx_hal_msp.o
                                      0xbea91 (size before relaxing)
 .debug_str     0x00000000000c3a25       0xc9 ./Core/Src/stm32f4xx_it.o
                                      0xbe352 (size before relaxing)
 .debug_str     0x00000000000c3aee       0xdb ./Core/Src/system_stm32f4xx.o
                                      0xbdd49 (size before relaxing)
 .debug_str     0x00000000000c3bc9       0x36 ./Core/Startup/startup_stm32f407vgtx.o
                                         0x86 (size before relaxing)
 .debug_str     0x00000000000c3bff      0xad6 ./Drivers/STM32F4xx_HAL_Driver/Src/stm32f4xx_hal.o
                                      0xbe8cd (size before relaxing)
 .debug_str     0x00000000000c46d5      0x34a ./Drivers/STM32F4xx_HAL_Driver/Src/stm32f4xx_hal_cortex.o
                                      0xbe600 (size before relaxing)
 .debug_str     0x00000000000c4a1f      0x121 ./Drivers/STM32F4xx_HAL_Driver/Src/stm32f4xx_hal_gpio.o
                                      0xbdec4 (size before relaxing)
 .debug_str     0x00000000000c4b40      0x233 ./Drivers/STM32F4xx_HAL_Driver/Src/stm32f4xx_hal_rcc.o
                                      0xbe17d (size before relaxing)
 .debug_str     0x00000000000c4d73      0x591 ./Drivers/STM32F4xx_HAL_Driver/Src/stm32f4xx_hal_spi.o
                                      0xbe60d (size before relaxing)
 .debug_str     0x00000000000c5304      0x5f3 ./Drivers/STM32F4xx_HAL_Driver/Src/stm32f4xx_hal_uart.o
                                      0xbe71c (size before relaxing)

.comment        0x0000000000000000       0x50
 .comment       0x0000000000000000       0x50 ./Core/Src/GUI_Paint.o
                                         0x51 (size before relaxing)
 .comment       0x0000000000000050       0x51 ./Core/Src/LCD_1inch28.o
 .comment       0x0000000000000050       0x51 ./Core/Src/font16.o
 .comment       0x0000000000000050       0x51 ./Core/Src/image.o
 .comment       0x0000000000000050       0x51 ./Core/Src/main.o
 .comment       0x0000000000000050       0x51 ./Core/Src/stm32f4xx_hal_msp.o
 .comment       0x0000000000000050       0x51 ./Core/Src/stm32f4xx_it.o
 .comment       0x0000000000000050       0x51 ./Core/Src/system_stm32f4xx.o
 .comment       0x0000000000000050       0x51 ./Drivers/STM32F4xx_HAL_Driver/Src/stm32f4xx_hal.o
 .comment       0x0000000000000050       0x51 ./Drivers/STM32F4xx_HAL_Driver/Src/stm32f4xx_hal_cortex.o
 .comment       0x0000000000000050       0x51 ./Drivers/STM32F4xx_HAL_Driver/Src/stm32f4xx_hal_gpio.o
 .comment       0x0000000000000050       0x51 ./Drivers/STM32F4xx_HAL_Driver/Src/stm32f4xx_hal_rcc.o
 .comment       0x0000000000000050       0x51 ./Drivers/STM32F4xx_HAL_Driver/Src/stm32f4xx_hal_spi.o
 .comment       0x0000000000000050       0x51 ./Drivers/STM32F4xx_HAL_Driver/Src/stm32f4xx_hal_uart.o

.debug_frame    0x0000000000000000     0x24fc
 .debug_frame   0x0000000000000000      0x2d8 ./Core/Src/GUI_Paint.o
 .debug_frame   0x00000000000002d8      0x1f0 ./Core/Src/LCD_1inch28.o
 .debug_frame   0x00000000000004c8       0xcc ./Core/Src/main.o
 .debug_frame   0x0000000000000594       0xc4 ./Core/Src/stm32f4xx_hal_msp.o
 .debug_frame   0x0000000000000658      0x104 ./Core/Src/stm32f4xx_it.o
 .debug_frame   0x000000000000075c       0x58 ./Core/Src/system_stm32f4xx.o
 .debug_frame   0x00000000000007b4      0x374 ./Drivers/STM32F4xx_HAL_Driver/Src/stm32f4xx_hal.o
 .debug_frame   0x0000000000000b28      0x498 ./Drivers/STM32F4xx_HAL_Driver/Src/stm32f4xx_hal_cortex.o
 .debug_frame   0x0000000000000fc0      0x14c ./Drivers/STM32F4xx_HAL_Driver/Src/stm32f4xx_hal_gpio.o
 .debug_frame   0x000000000000110c      0x1f4 ./Drivers/STM32F4xx_HAL_Driver/Src/stm32f4xx_hal_rcc.o
 .debug_frame   0x0000000000001300      0x824 ./Drivers/STM32F4xx_HAL_Driver/Src/stm32f4xx_hal_spi.o
 .debug_frame   0x0000000000001b24      0x92c ./Drivers/STM32F4xx_HAL_Driver/Src/stm32f4xx_hal_uart.o
 .debug_frame   0x0000000000002450       0x2c c:/st/stm32cubeide_1.11.0/stm32cubeide/plugins/com.st.stm32cube.ide.mcu.externaltools.gnu-tools-for-stm32.10.3-2021.10.win32_1.0.100.202210260954/tools/bin/../lib/gcc/arm-none-eabi/10.3.1/../../../../arm-none-eabi/lib/thumb/v7e-m+fp/hard\libc_nano.a(lib_a-init.o)
 .debug_frame   0x000000000000247c       0x20 c:/st/stm32cubeide_1.11.0/stm32cubeide/plugins/com.st.stm32cube.ide.mcu.externaltools.gnu-tools-for-stm32.10.3-2021.10.win32_1.0.100.202210260954/tools/bin/../lib/gcc/arm-none-eabi/10.3.1/../../../../arm-none-eabi/lib/thumb/v7e-m+fp/hard\libc_nano.a(lib_a-memset.o)
 .debug_frame   0x000000000000249c       0x2c c:/st/stm32cubeide_1.11.0/stm32cubeide/plugins/com.st.stm32cube.ide.mcu.externaltools.gnu-tools-for-stm32.10.3-2021.10.win32_1.0.100.202210260954/tools/bin/../lib/gcc/arm-none-eabi/10.3.1/thumb/v7e-m+fp/hard\libgcc.a(_aeabi_uldivmod.o)
 .debug_frame   0x00000000000024c8       0x34 c:/st/stm32cubeide_1.11.0/stm32cubeide/plugins/com.st.stm32cube.ide.mcu.externaltools.gnu-tools-for-stm32.10.3-2021.10.win32_1.0.100.202210260954/tools/bin/../lib/gcc/arm-none-eabi/10.3.1/thumb/v7e-m+fp/hard\libgcc.a(_udivmoddi4.o)
