Archive member included to satisfy reference by file (symbol)

c:/st/stm32cubeide_1.11.0/stm32cubeide/plugins/com.st.stm32cube.ide.mcu.externaltools.gnu-tools-for-stm32.10.3-2021.10.win32_1.0.100.202210260954/tools/bin/../lib/gcc/arm-none-eabi/10.3.1/../../../../arm-none-eabi/lib/thumb/v7e-m+fp/hard\libc_nano.a(lib_a-errno.o)
                              ./Core/Src/syscalls.o (__errno)
c:/st/stm32cubeide_1.11.0/stm32cubeide/plugins/com.st.stm32cube.ide.mcu.externaltools.gnu-tools-for-stm32.10.3-2021.10.win32_1.0.100.202210260954/tools/bin/../lib/gcc/arm-none-eabi/10.3.1/../../../../arm-none-eabi/lib/thumb/v7e-m+fp/hard\libc_nano.a(lib_a-exit.o)
                              c:/st/stm32cubeide_1.11.0/stm32cubeide/plugins/com.st.stm32cube.ide.mcu.externaltools.gnu-tools-for-stm32.10.3-2021.10.win32_1.0.100.202210260954/tools/bin/../lib/gcc/arm-none-eabi/10.3.1/../../../../arm-none-eabi/lib/thumb/v7e-m+fp/hard/crt0.o (exit)
c:/st/stm32cubeide_1.11.0/stm32cubeide/plugins/com.st.stm32cube.ide.mcu.externaltools.gnu-tools-for-stm32.10.3-2021.10.win32_1.0.100.202210260954/tools/bin/../lib/gcc/arm-none-eabi/10.3.1/../../../../arm-none-eabi/lib/thumb/v7e-m+fp/hard\libc_nano.a(lib_a-impure.o)
                              c:/st/stm32cubeide_1.11.0/stm32cubeide/plugins/com.st.stm32cube.ide.mcu.externaltools.gnu-tools-for-stm32.10.3-2021.10.win32_1.0.100.202210260954/tools/bin/../lib/gcc/arm-none-eabi/10.3.1/../../../../arm-none-eabi/lib/thumb/v7e-m+fp/hard\libc_nano.a(lib_a-exit.o) (_global_impure_ptr)
c:/st/stm32cubeide_1.11.0/stm32cubeide/plugins/com.st.stm32cube.ide.mcu.externaltools.gnu-tools-for-stm32.10.3-2021.10.win32_1.0.100.202210260954/tools/bin/../lib/gcc/arm-none-eabi/10.3.1/../../../../arm-none-eabi/lib/thumb/v7e-m+fp/hard\libc_nano.a(lib_a-init.o)
                              c:/st/stm32cubeide_1.11.0/stm32cubeide/plugins/com.st.stm32cube.ide.mcu.externaltools.gnu-tools-for-stm32.10.3-2021.10.win32_1.0.100.202210260954/tools/bin/../lib/gcc/arm-none-eabi/10.3.1/../../../../arm-none-eabi/lib/thumb/v7e-m+fp/hard/crt0.o (__libc_init_array)
c:/st/stm32cubeide_1.11.0/stm32cubeide/plugins/com.st.stm32cube.ide.mcu.externaltools.gnu-tools-for-stm32.10.3-2021.10.win32_1.0.100.202210260954/tools/bin/../lib/gcc/arm-none-eabi/10.3.1/../../../../arm-none-eabi/lib/thumb/v7e-m+fp/hard\libc_nano.a(lib_a-memset.o)
                              c:/st/stm32cubeide_1.11.0/stm32cubeide/plugins/com.st.stm32cube.ide.mcu.externaltools.gnu-tools-for-stm32.10.3-2021.10.win32_1.0.100.202210260954/tools/bin/../lib/gcc/arm-none-eabi/10.3.1/../../../../arm-none-eabi/lib/thumb/v7e-m+fp/hard/crt0.o (memset)
c:/st/stm32cubeide_1.11.0/stm32cubeide/plugins/com.st.stm32cube.ide.mcu.externaltools.gnu-tools-for-stm32.10.3-2021.10.win32_1.0.100.202210260954/tools/bin/../lib/gcc/arm-none-eabi/10.3.1/../../../../arm-none-eabi/lib/thumb/v7e-m+fp/hard\libc_nano.a(lib_a-strlen.o)
                              ./Core/Src/main.o (strlen)
c:/st/stm32cubeide_1.11.0/stm32cubeide/plugins/com.st.stm32cube.ide.mcu.externaltools.gnu-tools-for-stm32.10.3-2021.10.win32_1.0.100.202210260954/tools/bin/../lib/gcc/arm-none-eabi/10.3.1/thumb/v7e-m+fp/hard\libgcc.a(_aeabi_uldivmod.o)
                              ./Drivers/STM32F4xx_HAL_Driver/Src/stm32f4xx_hal_rcc.o (__aeabi_uldivmod)
c:/st/stm32cubeide_1.11.0/stm32cubeide/plugins/com.st.stm32cube.ide.mcu.externaltools.gnu-tools-for-stm32.10.3-2021.10.win32_1.0.100.202210260954/tools/bin/../lib/gcc/arm-none-eabi/10.3.1/thumb/v7e-m+fp/hard\libgcc.a(_udivmoddi4.o)
                              c:/st/stm32cubeide_1.11.0/stm32cubeide/plugins/com.st.stm32cube.ide.mcu.externaltools.gnu-tools-for-stm32.10.3-2021.10.win32_1.0.100.202210260954/tools/bin/../lib/gcc/arm-none-eabi/10.3.1/thumb/v7e-m+fp/hard\libgcc.a(_aeabi_uldivmod.o) (__udivmoddi4)
c:/st/stm32cubeide_1.11.0/stm32cubeide/plugins/com.st.stm32cube.ide.mcu.externaltools.gnu-tools-for-stm32.10.3-2021.10.win32_1.0.100.202210260954/tools/bin/../lib/gcc/arm-none-eabi/10.3.1/thumb/v7e-m+fp/hard\libgcc.a(_dvmd_tls.o)
                              c:/st/stm32cubeide_1.11.0/stm32cubeide/plugins/com.st.stm32cube.ide.mcu.externaltools.gnu-tools-for-stm32.10.3-2021.10.win32_1.0.100.202210260954/tools/bin/../lib/gcc/arm-none-eabi/10.3.1/thumb/v7e-m+fp/hard\libgcc.a(_aeabi_uldivmod.o) (__aeabi_ldiv0)

Discarded input sections

 .text          0x0000000000000000        0x0 c:/st/stm32cubeide_1.11.0/stm32cubeide/plugins/com.st.stm32cube.ide.mcu.externaltools.gnu-tools-for-stm32.10.3-2021.10.win32_1.0.100.202210260954/tools/bin/../lib/gcc/arm-none-eabi/10.3.1/thumb/v7e-m+fp/hard/crti.o
 .data          0x0000000000000000        0x0 c:/st/stm32cubeide_1.11.0/stm32cubeide/plugins/com.st.stm32cube.ide.mcu.externaltools.gnu-tools-for-stm32.10.3-2021.10.win32_1.0.100.202210260954/tools/bin/../lib/gcc/arm-none-eabi/10.3.1/thumb/v7e-m+fp/hard/crti.o
[...]
Memory Configuration

Name             Origin             Length             Attributes
CCMRAM           0x0000000010000000 0x0000000000010000 xrw
RAM              0x0000000020000000 0x0000000000020000 xrw
FLASH            0x0000000008000000 0x0000000000100000 xr
*default*        0x0000000000000000 0xffffffffffffffff

Linker script and memory map

LOAD c:/st/stm32cubeide_1.11.0/stm32cubeide/plugins/com.st.stm32cube.ide.mcu.externaltools.gnu-tools-for-stm32.10.3-2021.10.win32_1.0.100.202210260954/tools/bin/../lib/gcc/arm-none-eabi/10.3.1/thumb/v7e-m+fp/hard/crti.o
LOAD c:/st/stm32cubeide_1.11.0/stm32cubeide/plugins/com.st.stm32cube.ide.mcu.externaltools.gnu-tools-for-stm32.10.3-2021.10.win32_1.0.100.202210260954/tools/bin/../lib/gcc/arm-none-eabi/10.3.1/thumb/v7e-m+fp/hard/crtbegin.o
LOAD c:/st/stm32cubeide_1.11.0/stm32cubeide/plugins/com.st.stm32cube.ide.mcu.externaltools.gnu-tools-for-stm32.10.3-2021.10.win32_1.0.100.202210260954/tools/bin/../lib/gcc/arm-none-eabi/10.3.1/../../../../arm-none-eabi/lib/thumb/v7e-m+fp/hard/crt0.o
LOAD ./Core/Src/GUI_Paint.o
LOAD ./Core/Src/LCD_1inch28.o
LOAD ./Core/Src/font12.o
LOAD ./Core/Src/font16.o
LOAD ./Core/Src/font20.o
LOAD ./Core/Src/font24.o
LOAD ./Core/Src/font8.o
LOAD ./Core/Src/image.o
LOAD ./Core/Src/main.o
LOAD ./Core/Src/stm32f4xx_hal_msp.o
LOAD ./Core/Src/stm32f4xx_it.o
LOAD ./Core/Src/syscalls.o
LOAD ./Core/Src/sysmem.o
LOAD ./Core/Src/system_stm32f4xx.o
LOAD ./Core/Startup/startup_stm32f407vgtx.o
LOAD ./Drivers/STM32F4xx_HAL_Driver/Src/stm32f4xx_hal.o
LOAD ./Drivers/STM32F4xx_HAL_Driver/Src/stm32f4xx_hal_cortex.o
LOAD ./Drivers/STM32F4xx_HAL_Driver/Src/stm32f4xx_hal_dma.o
LOAD ./Drivers/STM32F4xx_HAL_Driver/Src/stm32f4xx_hal_dma_ex.o
LOAD ./Drivers/STM32F4xx_HAL_Driver/Src/stm32f4xx_hal_exti.o
LOAD ./Drivers/STM32F4xx_HAL_Driver/Src/stm32f4xx_hal_flash.o
LOAD ./Drivers/STM32F4xx_HAL_Driver/Src/stm32f4xx_hal_flash_ex.o
LOAD ./Drivers/STM32F4xx_HAL_Driver/Src/stm32f4xx_hal_flash_ramfunc.o
LOAD ./Drivers/STM32F4xx_HAL_Driver/Src/stm32f4xx_hal_gpio.o
LOAD ./Drivers/STM32F4xx_HAL_Driver/Src/stm32f4xx_hal_pwr.o
LOAD ./Drivers/STM32F4xx_HAL_Driver/Src/stm32f4xx_hal_pwr_ex.o
LOAD ./Drivers/STM32F4xx_HAL_Driver/Src/stm32f4xx_hal_rcc.o
LOAD ./Drivers/STM32F4xx_HAL_Driver/Src/stm32f4xx_hal_rcc_ex.o
LOAD ./Drivers/STM32F4xx_HAL_Driver/Src/stm32f4xx_hal_spi.o
LOAD ./Drivers/STM32F4xx_HAL_Driver/Src/stm32f4xx_hal_tim.o
LOAD ./Drivers/STM32F4xx_HAL_Driver/Src/stm32f4xx_hal_tim_ex.o
LOAD ./Drivers/STM32F4xx_HAL_Driver/Src/stm32f4xx_hal_uart.o
START GROUP
LOAD c:/st/stm32cubeide_1.11.0/stm32cubeide/plugins/com.st.stm32cube.ide.mcu.externaltools.gnu-tools-for-stm32.10.3-2021.10.win32_1.0.100.202210260954/tools/bin/../lib/gcc/arm-none-eabi/10.3.1/../../../../arm-none-eabi/lib/thumb/v7e-m+fp/hard\libc_nano.a
LOAD c:/st/stm32cubeide_1.11.0/stm32cubeide/plugins/com.st.stm32cube.ide.mcu.externaltools.gnu-tools-for-stm32.10.3-2021.10.win32_1.0.100.202210260954/tools/bin/../lib/gcc/arm-none-eabi/10.3.1/../../../../arm-none-eabi/lib/thumb/v7e-m+fp/hard\libm.a
END GROUP
START GROUP
LOAD c:/st/stm32cubeide_1.11.0/stm32cubeide/plugins/com.st.stm32cube.ide.mcu.externaltools.gnu-tools-for-stm32.10.3-2021.10.win32_1.0.100.202210260954/tools/bin/../lib/gcc/arm-none-eabi/10.3.1/thumb/v7e-m+fp/hard\libgcc.a
LOAD c:/st/stm32cubeide_1.11.0/stm32cubeide/plugins/com.st.stm32cube.ide.mcu.externaltools.gnu-tools-for-stm32.10.3-2021.10.win32_1.0.100.202210260954/tools/bin/../lib/gcc/arm-none-eabi/10.3.1/../../../../arm-none-eabi/lib/thumb/v7e-m+fp/hard\libc_nano.a
END GROUP
START GROUP
LOAD c:/st/stm32cubeide_1.11.0/stm32cubeide/plugins/com.st.stm32cube.ide.mcu.externaltools.gnu-tools-for-stm32.10.3-2021.10.win32_1.0.100.202210260954/tools/bin/../lib/gcc/arm-none-eabi/10.3.1/thumb/v7e-m+fp/hard\libgcc.a
LOAD c:/st/stm32cubeide_1.11.0/stm32cubeide/plugins/com.st.stm32cube.ide.mcu.externaltools.gnu-tools-for-stm32.10.3-2021.10.win32_1.0.100.202210260954/tools/bin/../lib/gcc/arm-none-eabi/10.3.1/../../../../arm-none-eabi/lib/thumb/v7e-m+fp/hard\libc_nano.a
LOAD c:/st/stm32cubeide_1.11.0/stm32cubeide/plugins/com.st.stm32cube.ide.mcu.externaltools.gnu-tools-for-stm32.10.3-2021.10.win32_1.0.100.202210260954/tools/bin/../lib/gcc/arm-none-eabi/10.3.1/../../../../arm-none-eabi/lib/thumb/v7e-m+fp/hard\libnosys.a
END GROUP
START GROUP
LOAD c:/st/stm32cubeide_1.11.0/stm32cubeide/plugins/com.st.stm32cube.ide.mcu.externaltools.gnu-tools-for-stm32.10.3-2021.10.win32_1.0.100.202210260954/tools/bin/../lib/gcc/arm-none-eabi/10.3.1/thumb/v7e-m+fp/hard\libgcc.a
LOAD c:/st/stm32cubeide_1.11.0/stm32cubeide/plugins/com.st.stm32cube.ide.mcu.externaltools.gnu-tools-for-stm32.10.3-2021.10.win32_1.0.100.202210260954/tools/bin/../lib/gcc/arm-none-eabi/10.3.1/../../../../arm-none-eabi/lib/thumb/v7e-m+fp/hard\libc_nano.a
LOAD c:/st/stm32cubeide_1.11.0/stm32cubeide/plugins/com.st.stm32cube.ide.mcu.externaltools.gnu-tools-for-stm32.10.3-2021.10.win32_1.0.100.202210260954/tools/bin/../lib/gcc/arm-none-eabi/10.3.1/../../../../arm-none-eabi/lib/thumb/v7e-m+fp/hard\libnosys.a
END GROUP
LOAD c:/st/stm32cubeide_1.11.0/stm32cubeide/plugins/com.st.stm32cube.ide.mcu.externaltools.gnu-tools-for-stm32.10.3-2021.10.win32_1.0.100.202210260954/tools/bin/../lib/gcc/arm-none-eabi/10.3.1/thumb/v7e-m+fp/hard/crtend.o
LOAD c:/st/stm32cubeide_1.11.0/stm32cubeide/plugins/com.st.stm32cube.ide.mcu.externaltools.gnu-tools-for-stm32.10.3-2021.10.win32_1.0.100.202210260954/tools/bin/../lib/gcc/arm-none-eabi/10.3.1/thumb/v7e-m+fp/hard/crtn.o
                0x0000000020020000                _estack = (ORIGIN (RAM) + LENGTH (RAM))
                0x0000000000000200                _Min_Heap_Size = 0x200
                0x0000000000000400                _Min_Stack_Size = 0x400

.isr_vector     0x0000000008000000      0x188
                0x0000000008000000                . = ALIGN (0x4)
 *(.isr_vector)
 .isr_vector    0x0000000008000000      0x188 ./Core/Startup/startup_stm32f407vgtx.o
                0x0000000008000000                g_pfnVectors
                0x0000000008000188                . = ALIGN (0x4)

.text           0x0000000008000188     0x4f94
                0x0000000008000188                . = ALIGN (0x4)
 *(.text)
 .text          0x0000000008000188       0x40 c:/st/stm32cubeide_1.11.0/stm32cubeide/plugins/com.st.stm32cube.ide.mcu.externaltools.gnu-tools-for-stm32.10.3-2021.10.win32_1.0.100.202210260954/tools/bin/../lib/gcc/arm-none-eabi/10.3.1/thumb/v7e-m+fp/hard/crtbegin.o
 .text          0x00000000080001c8       0x10 c:/st/stm32cubeide_1.11.0/stm32cubeide/plugins/com.st.stm32cube.ide.mcu.externaltools.gnu-tools-for-stm32.10.3-2021.10.win32_1.0.100.202210260954/tools/bin/../lib/gcc/arm-none-eabi/10.3.1/../../../../arm-none-eabi/lib/thumb/v7e-m+fp/hard\libc_nano.a(lib_a-strlen.o)
                0x00000000080001c8                strlen
 .text          0x00000000080001d8       0x30 c:/st/stm32cubeide_1.11.0/stm32cubeide/plugins/com.st.stm32cube.ide.mcu.externaltools.gnu-tools-for-stm32.10.3-2021.10.win32_1.0.100.202210260954/tools/bin/../lib/gcc/arm-none-eabi/10.3.1/thumb/v7e-m+fp/hard\libgcc.a(_aeabi_uldivmod.o)
                0x00000000080001d8                __aeabi_uldivmod
 .text          0x0000000008000208      0x2d0 c:/st/stm32cubeide_1.11.0/stm32cubeide/plugins/com.st.stm32cube.ide.mcu.externaltools.gnu-tools-for-stm32.10.3-2021.10.win32_1.0.100.202210260954/tools/bin/../lib/gcc/arm-none-eabi/10.3.1/thumb/v7e-m+fp/hard\libgcc.a(_udivmoddi4.o)
                0x0000000008000208                __udivmoddi4
 .text          0x00000000080004d8        0x4 c:/st/stm32cubeide_1.11.0/stm32cubeide/plugins/com.st.stm32cube.ide.mcu.externaltools.gnu-tools-for-stm32.10.3-2021.10.win32_1.0.100.202210260954/tools/bin/../lib/gcc/arm-none-eabi/10.3.1/thumb/v7e-m+fp/hard\libgcc.a(_dvmd_tls.o)
                0x00000000080004d8                __aeabi_idiv0
                0x00000000080004d8                __aeabi_ldiv0
 *(.text*)
 .text.Paint_NewImage
                0x00000000080004dc       0x80 ./Core/Src/GUI_Paint.o
                0x00000000080004dc                Paint_NewImage
 .text.Paint_SetClearFuntion
                0x000000000800055c       0x20 ./Core/Src/GUI_Paint.o
                0x000000000800055c                Paint_SetClearFuntion
 .text.Paint_SetDisplayFuntion
                0x000000000800057c       0x20 ./Core/Src/GUI_Paint.o
                0x000000000800057c                Paint_SetDisplayFuntion
 .text.Paint_SetPixel
                0x000000000800059c      0x158 ./Core/Src/GUI_Paint.o
                0x000000000800059c                Paint_SetPixel
 .text.Paint_Clear
                0x00000000080006f4       0x20 ./Core/Src/GUI_Paint.o
                0x00000000080006f4                Paint_Clear
 .text.Paint_DrawPoint
                0x0000000008000714      0x130 ./Core/Src/GUI_Paint.o
                0x0000000008000714                Paint_DrawPoint
 .text.Paint_DrawLine
                0x0000000008000844      0x15c ./Core/Src/GUI_Paint.o
                0x0000000008000844                Paint_DrawLine
 .text.Paint_DrawCircle
                0x00000000080009a0      0x318 ./Core/Src/GUI_Paint.o
                0x00000000080009a0                Paint_DrawCircle
 .text.Paint_DrawChar
                0x0000000008000cb8      0x154 ./Core/Src/GUI_Paint.o
                0x0000000008000cb8                Paint_DrawChar
 .text.Paint_DrawString_EN
                0x0000000008000e0c       0xac ./Core/Src/GUI_Paint.o
                0x0000000008000e0c                Paint_DrawString_EN
 .text.Paint_DrawImage
                0x0000000008000eb8       0xcc ./Core/Src/GUI_Paint.o
                0x0000000008000eb8                Paint_DrawImage
 .text.Module_Init
                0x0000000008000f84       0x3c ./Core/Src/LCD_1inch28.o
                0x0000000008000f84                Module_Init
 .text.LCD_1IN28_Reset
                0x0000000008000fc0       0x3c ./Core/Src/LCD_1inch28.o
 .text.LCD_1IN28_SendCommand
                0x0000000008000ffc       0x48 ./Core/Src/LCD_1inch28.o
 .text.LCD_1IN28_SendData_8Bit
                0x0000000008001044       0x48 ./Core/Src/LCD_1inch28.o
 .text.LCD_1IN28_SendData_16Bit
                0x000000000800108c       0x60 ./Core/Src/LCD_1inch28.o
 .text.LCD_1IN28_InitReg
                0x00000000080010ec      0x464 ./Core/Src/LCD_1inch28.o
 .text.LCD_1IN28_SetAttributes
                0x0000000008001550       0x58 ./Core/Src/LCD_1inch28.o
 .text.LCD_1IN28_Init
                0x00000000080015a8       0x22 ./Core/Src/LCD_1inch28.o
                0x00000000080015a8                LCD_1IN28_Init
 .text.LCD_1IN28_SetWindows
                0x00000000080015ca       0x78 ./Core/Src/LCD_1inch28.o
                0x00000000080015ca                LCD_1IN28_SetWindows
 .text.LCD_1IN28_Clear
                0x0000000008001642       0x4c ./Core/Src/LCD_1inch28.o
                0x0000000008001642                LCD_1IN28_Clear
 .text.LCD_1IN28_DrawPaint
                0x000000000800168e       0x2e ./Core/Src/LCD_1inch28.o
                0x000000000800168e                LCD_1IN28_DrawPaint
 .text.main     0x00000000080016bc      0x1a0 ./Core/Src/main.o
                0x00000000080016bc                main
 .text.SystemClock_Config
                0x000000000800185c       0xd4 ./Core/Src/main.o
                0x000000000800185c                SystemClock_Config
 .text.MX_SPI1_Init
                0x0000000008001930       0x6c ./Core/Src/main.o
 .text.MX_TIM1_Init
                0x000000000800199c      0x140 ./Core/Src/main.o
 .text.MX_TIM3_Init
                0x0000000008001adc       0x9c ./Core/Src/main.o
 .text.MX_USART2_UART_Init
                0x0000000008001b78       0x54 ./Core/Src/main.o
 .text.MX_GPIO_Init
                0x0000000008001bcc      0x2f4 ./Core/Src/main.o
 .text.HAL_GPIO_EXTI_Callback
                0x0000000008001ec0       0x2c ./Core/Src/main.o
                0x0000000008001ec0                HAL_GPIO_EXTI_Callback
 .text.HAL_TIM_PeriodElapsedCallback
                0x0000000008001eec       0x2c ./Core/Src/main.o
                0x0000000008001eec                HAL_TIM_PeriodElapsedCallback
 .text.Error_Handler
                0x0000000008001f18        0xa ./Core/Src/main.o
                0x0000000008001f18                Error_Handler
 *fill*         0x0000000008001f22        0x2 
 .text.HAL_MspInit
                0x0000000008001f24       0x50 ./Core/Src/stm32f4xx_hal_msp.o
                0x0000000008001f24                HAL_MspInit
 .text.HAL_SPI_MspInit
                0x0000000008001f74       0x90 ./Core/Src/stm32f4xx_hal_msp.o
                0x0000000008001f74                HAL_SPI_MspInit
 .text.HAL_TIM_Base_MspInit
                0x0000000008002004       0x7c ./Core/Src/stm32f4xx_hal_msp.o
                0x0000000008002004                HAL_TIM_Base_MspInit
 .text.HAL_TIM_MspPostInit
                0x0000000008002080       0x74 ./Core/Src/stm32f4xx_hal_msp.o
                0x0000000008002080                HAL_TIM_MspPostInit
 .text.HAL_UART_MspInit
                0x00000000080020f4       0x90 ./Core/Src/stm32f4xx_hal_msp.o
                0x00000000080020f4                HAL_UART_MspInit
 .text.NMI_Handler
                0x0000000008002184        0x6 ./Core/Src/stm32f4xx_it.o
                0x0000000008002184                NMI_Handler
 .text.HardFault_Handler
                0x000000000800218a        0x6 ./Core/Src/stm32f4xx_it.o
                0x000000000800218a                HardFault_Handler
 .text.MemManage_Handler
                0x0000000008002190        0x6 ./Core/Src/stm32f4xx_it.o
                0x0000000008002190                MemManage_Handler
 .text.BusFault_Handler
                0x0000000008002196        0x6 ./Core/Src/stm32f4xx_it.o
                0x0000000008002196                BusFault_Handler
 .text.UsageFault_Handler
                0x000000000800219c        0x6 ./Core/Src/stm32f4xx_it.o
                0x000000000800219c                UsageFault_Handler
 .text.SVC_Handler
                0x00000000080021a2        0xe ./Core/Src/stm32f4xx_it.o
                0x00000000080021a2                SVC_Handler
 .text.DebugMon_Handler
                0x00000000080021b0        0xe ./Core/Src/stm32f4xx_it.o
                0x00000000080021b0                DebugMon_Handler
 .text.PendSV_Handler
                0x00000000080021be        0xe ./Core/Src/stm32f4xx_it.o
                0x00000000080021be                PendSV_Handler
 .text.SysTick_Handler
                0x00000000080021cc        0xc ./Core/Src/stm32f4xx_it.o
                0x00000000080021cc                SysTick_Handler
 .text.EXTI9_5_IRQHandler
                0x00000000080021d8        0xe ./Core/Src/stm32f4xx_it.o
                0x00000000080021d8                EXTI9_5_IRQHandler
 *fill*         0x00000000080021e6        0x2 
 .text.TIM3_IRQHandler
                0x00000000080021e8       0x14 ./Core/Src/stm32f4xx_it.o
                0x00000000080021e8                TIM3_IRQHandler
 .text.SystemInit
                0x00000000080021fc       0x24 ./Core/Src/system_stm32f4xx.o
                0x00000000080021fc                SystemInit
 .text.Reset_Handler
                0x0000000008002220       0x50 ./Core/Startup/startup_stm32f407vgtx.o
                0x0000000008002220                Reset_Handler
 .text.Default_Handler
                0x0000000008002270        0x2 ./Core/Startup/startup_stm32f407vgtx.o
                0x0000000008002270                RTC_Alarm_IRQHandler
                0x0000000008002270                HASH_RNG_IRQHandler
                0x0000000008002270                EXTI2_IRQHandler
                0x0000000008002270                TIM8_CC_IRQHandler
                0x0000000008002270                TIM1_CC_IRQHandler
                0x0000000008002270                DMA2_Stream5_IRQHandler
                0x0000000008002270                DMA1_Stream5_IRQHandler
                0x0000000008002270                PVD_IRQHandler
                0x0000000008002270                SDIO_IRQHandler
                0x0000000008002270                TAMP_STAMP_IRQHandler
                0x0000000008002270                CAN2_RX1_IRQHandler
                0x0000000008002270                EXTI3_IRQHandler
                0x0000000008002270                TIM8_TRG_COM_TIM14_IRQHandler
                0x0000000008002270                TIM1_UP_TIM10_IRQHandler
                0x0000000008002270                TIM8_UP_TIM13_IRQHandler
                0x0000000008002270                I2C3_ER_IRQHandler
                0x0000000008002270                EXTI0_IRQHandler
                0x0000000008002270                I2C2_EV_IRQHandler
                0x0000000008002270                DMA1_Stream2_IRQHandler
                0x0000000008002270                CAN1_RX0_IRQHandler
                0x0000000008002270                FPU_IRQHandler
                0x0000000008002270                OTG_HS_WKUP_IRQHandler
                0x0000000008002270                CAN2_SCE_IRQHandler
                0x0000000008002270                DMA2_Stream2_IRQHandler
                0x0000000008002270                SPI1_IRQHandler
                0x0000000008002270                TIM6_DAC_IRQHandler
                0x0000000008002270                TIM1_BRK_TIM9_IRQHandler
                0x0000000008002270                DCMI_IRQHandler
                0x0000000008002270                CAN2_RX0_IRQHandler
                0x0000000008002270                DMA2_Stream3_IRQHandler
                0x0000000008002270                USART6_IRQHandler
                0x0000000008002270                USART3_IRQHandler
                0x0000000008002270                CAN1_RX1_IRQHandler
                0x0000000008002270                UART5_IRQHandler
                0x0000000008002270                DMA2_Stream0_IRQHandler
                0x0000000008002270                TIM4_IRQHandler
                0x0000000008002270                I2C1_EV_IRQHandler
                0x0000000008002270                DMA1_Stream6_IRQHandler
                0x0000000008002270                DMA1_Stream1_IRQHandler
                0x0000000008002270                UART4_IRQHandler
                0x0000000008002270                RCC_IRQHandler
                0x0000000008002270                TIM8_BRK_TIM12_IRQHandler
                0x0000000008002270                Default_Handler
                0x0000000008002270                EXTI15_10_IRQHandler
                0x0000000008002270                ADC_IRQHandler
                0x0000000008002270                DMA1_Stream7_IRQHandler
                0x0000000008002270                TIM7_IRQHandler
                0x0000000008002270                CAN2_TX_IRQHandler
                0x0000000008002270                TIM5_IRQHandler
                0x0000000008002270                DMA2_Stream7_IRQHandler
                0x0000000008002270                I2C3_EV_IRQHandler
                0x0000000008002270                RTC_WKUP_IRQHandler
                0x0000000008002270                ETH_WKUP_IRQHandler
                0x0000000008002270                SPI2_IRQHandler
                0x0000000008002270                OTG_HS_EP1_IN_IRQHandler
                0x0000000008002270                DMA1_Stream0_IRQHandler
                0x0000000008002270                CAN1_TX_IRQHandler
                0x0000000008002270                EXTI4_IRQHandler
                0x0000000008002270                FSMC_IRQHandler
                0x0000000008002270                ETH_IRQHandler
                0x0000000008002270                OTG_HS_EP1_OUT_IRQHandler
                0x0000000008002270                WWDG_IRQHandler
                0x0000000008002270                TIM2_IRQHandler
                0x0000000008002270                OTG_FS_WKUP_IRQHandler
                0x0000000008002270                TIM1_TRG_COM_TIM11_IRQHandler
                0x0000000008002270                OTG_HS_IRQHandler
                0x0000000008002270                EXTI1_IRQHandler
                0x0000000008002270                USART2_IRQHandler
                0x0000000008002270                I2C2_ER_IRQHandler
                0x0000000008002270                DMA2_Stream1_IRQHandler
                0x0000000008002270                CAN1_SCE_IRQHandler
                0x0000000008002270                FLASH_IRQHandler
                0x0000000008002270                DMA2_Stream4_IRQHandler
                0x0000000008002270                USART1_IRQHandler
                0x0000000008002270                OTG_FS_IRQHandler
                0x0000000008002270                SPI3_IRQHandler
                0x0000000008002270                DMA1_Stream4_IRQHandler
                0x0000000008002270                I2C1_ER_IRQHandler
                0x0000000008002270                DMA2_Stream6_IRQHandler
                0x0000000008002270                DMA1_Stream3_IRQHandler
 *fill*         0x0000000008002272        0x2 
 .text.HAL_Init
                0x0000000008002274       0x44 ./Drivers/STM32F4xx_HAL_Driver/Src/stm32f4xx_hal.o
                0x0000000008002274                HAL_Init
 .text.HAL_InitTick
                0x00000000080022b8       0x60 ./Drivers/STM32F4xx_HAL_Driver/Src/stm32f4xx_hal.o
                0x00000000080022b8                HAL_InitTick
 .text.HAL_IncTick
                0x0000000008002318       0x28 ./Drivers/STM32F4xx_HAL_Driver/Src/stm32f4xx_hal.o
                0x0000000008002318                HAL_IncTick
 .text.HAL_GetTick
                0x0000000008002340       0x18 ./Drivers/STM32F4xx_HAL_Driver/Src/stm32f4xx_hal.o
                0x0000000008002340                HAL_GetTick
 .text.HAL_Delay
                0x0000000008002358       0x48 ./Drivers/STM32F4xx_HAL_Driver/Src/stm32f4xx_hal.o
                0x0000000008002358                HAL_Delay
 .text.__NVIC_SetPriorityGrouping
                0x00000000080023a0       0x48 ./Drivers/STM32F4xx_HAL_Driver/Src/stm32f4xx_hal_cortex.o
 .text.__NVIC_GetPriorityGrouping
                0x00000000080023e8       0x1c ./Drivers/STM32F4xx_HAL_Driver/Src/stm32f4xx_hal_cortex.o
 .text.__NVIC_EnableIRQ
                0x0000000008002404       0x3c ./Drivers/STM32F4xx_HAL_Driver/Src/stm32f4xx_hal_cortex.o
 .text.__NVIC_SetPriority
                0x0000000008002440       0x54 ./Drivers/STM32F4xx_HAL_Driver/Src/stm32f4xx_hal_cortex.o
 .text.NVIC_EncodePriority
                0x0000000008002494       0x66 ./Drivers/STM32F4xx_HAL_Driver/Src/stm32f4xx_hal_cortex.o
 *fill*         0x00000000080024fa        0x2 
 .text.SysTick_Config
                0x00000000080024fc       0x44 ./Drivers/STM32F4xx_HAL_Driver/Src/stm32f4xx_hal_cortex.o
 .text.HAL_NVIC_SetPriorityGrouping
                0x0000000008002540       0x16 ./Drivers/STM32F4xx_HAL_Driver/Src/stm32f4xx_hal_cortex.o
                0x0000000008002540                HAL_NVIC_SetPriorityGrouping
 .text.HAL_NVIC_SetPriority
                0x0000000008002556       0x38 ./Drivers/STM32F4xx_HAL_Driver/Src/stm32f4xx_hal_cortex.o
                0x0000000008002556                HAL_NVIC_SetPriority
 .text.HAL_NVIC_EnableIRQ
                0x000000000800258e       0x1c ./Drivers/STM32F4xx_HAL_Driver/Src/stm32f4xx_hal_cortex.o
                0x000000000800258e                HAL_NVIC_EnableIRQ
 .text.HAL_SYSTICK_Config
                0x00000000080025aa       0x18 ./Drivers/STM32F4xx_HAL_Driver/Src/stm32f4xx_hal_cortex.o
                0x00000000080025aa                HAL_SYSTICK_Config
 *fill*         0x00000000080025c2        0x2 
 .text.HAL_GPIO_Init
                0x00000000080025c4      0x338 ./Drivers/STM32F4xx_HAL_Driver/Src/stm32f4xx_hal_gpio.o
                0x00000000080025c4                HAL_GPIO_Init
 .text.HAL_GPIO_WritePin
                0x00000000080028fc       0x32 ./Drivers/STM32F4xx_HAL_Driver/Src/stm32f4xx_hal_gpio.o
                0x00000000080028fc                HAL_GPIO_WritePin
 *fill*         0x000000000800292e        0x2 
 .text.HAL_GPIO_EXTI_IRQHandler
                0x0000000008002930       0x30 ./Drivers/STM32F4xx_HAL_Driver/Src/stm32f4xx_hal_gpio.o
                0x0000000008002930                HAL_GPIO_EXTI_IRQHandler
 .text.HAL_RCC_OscConfig
                0x0000000008002960      0x4f0 ./Drivers/STM32F4xx_HAL_Driver/Src/stm32f4xx_hal_rcc.o
                0x0000000008002960                HAL_RCC_OscConfig
 .text.HAL_RCC_ClockConfig
                0x0000000008002e50      0x1cc ./Drivers/STM32F4xx_HAL_Driver/Src/stm32f4xx_hal_rcc.o
                0x0000000008002e50                HAL_RCC_ClockConfig
 .text.HAL_RCC_GetSysClockFreq
                0x000000000800301c      0x20c ./Drivers/STM32F4xx_HAL_Driver/Src/stm32f4xx_hal_rcc.o
                0x000000000800301c                HAL_RCC_GetSysClockFreq
 .text.HAL_RCC_GetHCLKFreq
                0x0000000008003228       0x18 ./Drivers/STM32F4xx_HAL_Driver/Src/stm32f4xx_hal_rcc.o
                0x0000000008003228                HAL_RCC_GetHCLKFreq
 .text.HAL_RCC_GetPCLK1Freq
                0x0000000008003240       0x28 ./Drivers/STM32F4xx_HAL_Driver/Src/stm32f4xx_hal_rcc.o
                0x0000000008003240                HAL_RCC_GetPCLK1Freq
 .text.HAL_RCC_GetPCLK2Freq
                0x0000000008003268       0x28 ./Drivers/STM32F4xx_HAL_Driver/Src/stm32f4xx_hal_rcc.o
                0x0000000008003268                HAL_RCC_GetPCLK2Freq
 .text.HAL_SPI_Init
                0x0000000008003290      0x112 ./Drivers/STM32F4xx_HAL_Driver/Src/stm32f4xx_hal_spi.o
                0x0000000008003290                HAL_SPI_Init
 .text.HAL_SPI_Transmit
                0x00000000080033a2      0x278 ./Drivers/STM32F4xx_HAL_Driver/Src/stm32f4xx_hal_spi.o
                0x00000000080033a2                HAL_SPI_Transmit
 *fill*         0x000000000800361a        0x2 
 .text.SPI_WaitFlagStateUntilTimeout
                0x000000000800361c      0x110 ./Drivers/STM32F4xx_HAL_Driver/Src/stm32f4xx_hal_spi.o
 .text.SPI_EndRxTxTransaction
                0x000000000800372c       0x84 ./Drivers/STM32F4xx_HAL_Driver/Src/stm32f4xx_hal_spi.o
 .text.HAL_TIM_Base_Init
                0x00000000080037b0       0x9e ./Drivers/STM32F4xx_HAL_Driver/Src/stm32f4xx_hal_tim.o
                0x00000000080037b0                HAL_TIM_Base_Init
 *fill*         0x000000000800384e        0x2 
 .text.HAL_TIM_Base_Start_IT
                0x0000000008003850       0xe0 ./Drivers/STM32F4xx_HAL_Driver/Src/stm32f4xx_hal_tim.o
                0x0000000008003850                HAL_TIM_Base_Start_IT
 .text.HAL_TIM_Base_Stop_IT
                0x0000000008003930       0x5e ./Drivers/STM32F4xx_HAL_Driver/Src/stm32f4xx_hal_tim.o
                0x0000000008003930                HAL_TIM_Base_Stop_IT
 .text.HAL_TIM_PWM_Init
                0x000000000800398e       0x9e ./Drivers/STM32F4xx_HAL_Driver/Src/stm32f4xx_hal_tim.o
                0x000000000800398e                HAL_TIM_PWM_Init
 .text.HAL_TIM_PWM_MspInit
                0x0000000008003a2c       0x14 ./Drivers/STM32F4xx_HAL_Driver/Src/stm32f4xx_hal_tim.o
                0x0000000008003a2c                HAL_TIM_PWM_MspInit
 .text.HAL_TIM_PWM_Start
                0x0000000008003a40      0x190 ./Drivers/STM32F4xx_HAL_Driver/Src/stm32f4xx_hal_tim.o
                0x0000000008003a40                HAL_TIM_PWM_Start
 .text.HAL_TIM_IRQHandler
                0x0000000008003bd0      0x210 ./Drivers/STM32F4xx_HAL_Driver/Src/stm32f4xx_hal_tim.o
                0x0000000008003bd0                HAL_TIM_IRQHandler
 .text.HAL_TIM_PWM_ConfigChannel
                0x0000000008003de0      0x184 ./Drivers/STM32F4xx_HAL_Driver/Src/stm32f4xx_hal_tim.o
                0x0000000008003de0                HAL_TIM_PWM_ConfigChannel
 .text.HAL_TIM_ConfigClockSource
                0x0000000008003f64      0x18e ./Drivers/STM32F4xx_HAL_Driver/Src/stm32f4xx_hal_tim.o
                0x0000000008003f64                HAL_TIM_ConfigClockSource
 .text.HAL_TIM_OC_DelayElapsedCallback
                0x00000000080040f2       0x14 ./Drivers/STM32F4xx_HAL_Driver/Src/stm32f4xx_hal_tim.o
                0x00000000080040f2                HAL_TIM_OC_DelayElapsedCallback
 .text.HAL_TIM_IC_CaptureCallback
                0x0000000008004106       0x14 ./Drivers/STM32F4xx_HAL_Driver/Src/stm32f4xx_hal_tim.o
                0x0000000008004106                HAL_TIM_IC_CaptureCallback
 .text.HAL_TIM_PWM_PulseFinishedCallback
                0x000000000800411a       0x14 ./Drivers/STM32F4xx_HAL_Driver/Src/stm32f4xx_hal_tim.o
                0x000000000800411a                HAL_TIM_PWM_PulseFinishedCallback
 .text.HAL_TIM_TriggerCallback
                0x000000000800412e       0x14 ./Drivers/STM32F4xx_HAL_Driver/Src/stm32f4xx_hal_tim.o
                0x000000000800412e                HAL_TIM_TriggerCallback
 *fill*         0x0000000008004142        0x2 
 .text.TIM_Base_SetConfig
                0x0000000008004144      0x140 ./Drivers/STM32F4xx_HAL_Driver/Src/stm32f4xx_hal_tim.o
                0x0000000008004144                TIM_Base_SetConfig
 .text.TIM_OC1_SetConfig
                0x0000000008004284       0xe0 ./Drivers/STM32F4xx_HAL_Driver/Src/stm32f4xx_hal_tim.o
 .text.TIM_OC2_SetConfig
                0x0000000008004364       0xec ./Drivers/STM32F4xx_HAL_Driver/Src/stm32f4xx_hal_tim.o
                0x0000000008004364                TIM_OC2_SetConfig
 .text.TIM_OC3_SetConfig
                0x0000000008004450       0xe8 ./Drivers/STM32F4xx_HAL_Driver/Src/stm32f4xx_hal_tim.o
 .text.TIM_OC4_SetConfig
                0x0000000008004538       0xac ./Drivers/STM32F4xx_HAL_Driver/Src/stm32f4xx_hal_tim.o
 .text.TIM_TI1_ConfigInputStage
                0x00000000080045e4       0x5e ./Drivers/STM32F4xx_HAL_Driver/Src/stm32f4xx_hal_tim.o
 .text.TIM_TI2_ConfigInputStage
                0x0000000008004642       0x60 ./Drivers/STM32F4xx_HAL_Driver/Src/stm32f4xx_hal_tim.o
 .text.TIM_ITRx_SetConfig
                0x00000000080046a2       0x36 ./Drivers/STM32F4xx_HAL_Driver/Src/stm32f4xx_hal_tim.o
 .text.TIM_ETR_SetConfig
                0x00000000080046d8       0x40 ./Drivers/STM32F4xx_HAL_Driver/Src/stm32f4xx_hal_tim.o
                0x00000000080046d8                TIM_ETR_SetConfig
 .text.TIM_CCxChannelCmd
                0x0000000008004718       0x4a ./Drivers/STM32F4xx_HAL_Driver/Src/stm32f4xx_hal_tim.o
                0x0000000008004718                TIM_CCxChannelCmd
 *fill*         0x0000000008004762        0x2 
 .text.HAL_TIMEx_MasterConfigSynchronization
                0x0000000008004764       0xf8 ./Drivers/STM32F4xx_HAL_Driver/Src/stm32f4xx_hal_tim_ex.o
                0x0000000008004764                HAL_TIMEx_MasterConfigSynchronization
 .text.HAL_TIMEx_ConfigBreakDeadTime
                0x000000000800485c       0xa4 ./Drivers/STM32F4xx_HAL_Driver/Src/stm32f4xx_hal_tim_ex.o
                0x000000000800485c                HAL_TIMEx_ConfigBreakDeadTime
 .text.HAL_TIMEx_CommutCallback
                0x0000000008004900       0x14 ./Drivers/STM32F4xx_HAL_Driver/Src/stm32f4xx_hal_tim_ex.o
                0x0000000008004900                HAL_TIMEx_CommutCallback
 .text.HAL_TIMEx_BreakCallback
                0x0000000008004914       0x14 ./Drivers/STM32F4xx_HAL_Driver/Src/stm32f4xx_hal_tim_ex.o
                0x0000000008004914                HAL_TIMEx_BreakCallback
 .text.HAL_UART_Init
                0x0000000008004928       0x9a ./Drivers/STM32F4xx_HAL_Driver/Src/stm32f4xx_hal_uart.o
                0x0000000008004928                HAL_UART_Init
 .text.HAL_UART_Transmit
                0x00000000080049c2      0x124 ./Drivers/STM32F4xx_HAL_Driver/Src/stm32f4xx_hal_uart.o
                0x00000000080049c2                HAL_UART_Transmit
 .text.UART_WaitOnFlagUntilTimeout
                0x0000000008004ae6       0xdc ./Drivers/STM32F4xx_HAL_Driver/Src/stm32f4xx_hal_uart.o
 *fill*         0x0000000008004bc2        0x2 
 .text.UART_SetConfig
                0x0000000008004bc4      0x4e8 ./Drivers/STM32F4xx_HAL_Driver/Src/stm32f4xx_hal_uart.o
 .text.__libc_init_array
                0x00000000080050ac       0x48 c:/st/stm32cubeide_1.11.0/stm32cubeide/plugins/com.st.stm32cube.ide.mcu.externaltools.gnu-tools-for-stm32.10.3-2021.10.win32_1.0.100.202210260954/tools/bin/../lib/gcc/arm-none-eabi/10.3.1/../../../../arm-none-eabi/lib/thumb/v7e-m+fp/hard\libc_nano.a(lib_a-init.o)
                0x00000000080050ac                __libc_init_array
 .text.memset   0x00000000080050f4       0x10 c:/st/stm32cubeide_1.11.0/stm32cubeide/plugins/com.st.stm32cube.ide.mcu.externaltools.gnu-tools-for-stm32.10.3-2021.10.win32_1.0.100.202210260954/tools/bin/../lib/gcc/arm-none-eabi/10.3.1/../../../../arm-none-eabi/lib/thumb/v7e-m+fp/hard\libc_nano.a(lib_a-memset.o)
                0x00000000080050f4                memset
 *(.glue_7)
 .glue_7        0x0000000008005104        0x0 linker stubs
 *(.glue_7t)
 .glue_7t       0x0000000008005104        0x0 linker stubs
 *(.eh_frame)
 .eh_frame      0x0000000008005104        0x0 c:/st/stm32cubeide_1.11.0/stm32cubeide/plugins/com.st.stm32cube.ide.mcu.externaltools.gnu-tools-for-stm32.10.3-2021.10.win32_1.0.100.202210260954/tools/bin/../lib/gcc/arm-none-eabi/10.3.1/thumb/v7e-m+fp/hard/crtbegin.o
 *(.init)
 .init          0x0000000008005104        0x4 c:/st/stm32cubeide_1.11.0/stm32cubeide/plugins/com.st.stm32cube.ide.mcu.externaltools.gnu-tools-for-stm32.10.3-2021.10.win32_1.0.100.202210260954/tools/bin/../lib/gcc/arm-none-eabi/10.3.1/thumb/v7e-m+fp/hard/crti.o
                0x0000000008005104                _init
 .init          0x0000000008005108        0x8 c:/st/stm32cubeide_1.11.0/stm32cubeide/plugins/com.st.stm32cube.ide.mcu.externaltools.gnu-tools-for-stm32.10.3-2021.10.win32_1.0.100.202210260954/tools/bin/../lib/gcc/arm-none-eabi/10.3.1/thumb/v7e-m+fp/hard/crtn.o
 *(.fini)
 .fini          0x0000000008005110        0x4 c:/st/stm32cubeide_1.11.0/stm32cubeide/plugins/com.st.stm32cube.ide.mcu.externaltools.gnu-tools-for-stm32.10.3-2021.10.win32_1.0.100.202210260954/tools/bin/../lib/gcc/arm-none-eabi/10.3.1/thumb/v7e-m+fp/hard/crti.o
                0x0000000008005110                _fini
 .fini          0x0000000008005114        0x8 c:/st/stm32cubeide_1.11.0/stm32cubeide/plugins/com.st.stm32cube.ide.mcu.externaltools.gnu-tools-for-stm32.10.3-2021.10.win32_1.0.100.202210260954/tools/bin/../lib/gcc/arm-none-eabi/10.3.1/thumb/v7e-m+fp/hard/crtn.o
                0x000000000800511c                . = ALIGN (0x4)
                0x000000000800511c                _etext = .

.vfp11_veneer   0x000000000800511c        0x0
 .vfp11_veneer  0x000000000800511c        0x0 linker stubs

.v4_bx          0x000000000800511c        0x0
 .v4_bx         0x000000000800511c        0x0 linker stubs

.iplt           0x000000000800511c        0x0
 .iplt          0x000000000800511c        0x0 c:/st/stm32cubeide_1.11.0/stm32cubeide/plugins/com.st.stm32cube.ide.mcu.externaltools.gnu-tools-for-stm32.10.3-2021.10.win32_1.0.100.202210260954/tools/bin/../lib/gcc/arm-none-eabi/10.3.1/thumb/v7e-m+fp/hard/crtbegin.o

.rodata         0x000000000800511c     0x325c
                0x000000000800511c                . = ALIGN (0x4)
 *(.rodata)
 .rodata        0x000000000800511c       0x1a ./Core/Src/main.o
 *(.rodata*)
 *fill*         0x0000000008005136        0x2 
 .rodata.Font16_Table
                0x0000000008005138      0xbe0 ./Core/Src/font16.o
                0x0000000008005138                Font16_Table
 .rodata.gImage_70X70
                0x0000000008005d18     0x2648 ./Core/Src/image.o
                0x0000000008005d18                gImage_70X70
 .rodata.AHBPrescTable
                0x0000000008008360       0x10 ./Core/Src/system_stm32f4xx.o
                0x0000000008008360                AHBPrescTable
 .rodata.APBPrescTable
                0x0000000008008370        0x8 ./Core/Src/system_stm32f4xx.o
                0x0000000008008370                APBPrescTable
                0x0000000008008378                . = ALIGN (0x4)

.ARM.extab      0x0000000008008378        0x0
                0x0000000008008378                . = ALIGN (0x4)
 *(.ARM.extab* .gnu.linkonce.armextab.*)
                0x0000000008008378                . = ALIGN (0x4)

.ARM            0x0000000008008378        0x8
                0x0000000008008378                . = ALIGN (0x4)
                0x0000000008008378                __exidx_start = .
 *(.ARM.exidx*)
 .ARM.exidx     0x0000000008008378        0x8 c:/st/stm32cubeide_1.11.0/stm32cubeide/plugins/com.st.stm32cube.ide.mcu.externaltools.gnu-tools-for-stm32.10.3-2021.10.win32_1.0.100.202210260954/tools/bin/../lib/gcc/arm-none-eabi/10.3.1/thumb/v7e-m+fp/hard\libgcc.a(_udivmoddi4.o)
                0x0000000008008380                __exidx_end = .
                0x0000000008008380                . = ALIGN (0x4)

.rel.dyn        0x0000000008008380        0x0
 .rel.iplt      0x0000000008008380        0x0 c:/st/stm32cubeide_1.11.0/stm32cubeide/plugins/com.st.stm32cube.ide.mcu.externaltools.gnu-tools-for-stm32.10.3-2021.10.win32_1.0.100.202210260954/tools/bin/../lib/gcc/arm-none-eabi/10.3.1/thumb/v7e-m+fp/hard/crtbegin.o

.preinit_array  0x0000000008008380        0x0
                0x0000000008008380                . = ALIGN (0x4)
                0x0000000008008380                PROVIDE (__preinit_array_start = .)
 *(.preinit_array*)
                0x0000000008008380                PROVIDE (__preinit_array_end = .)
                0x0000000008008380                . = ALIGN (0x4)

.init_array     0x0000000008008380        0x4
                0x0000000008008380                . = ALIGN (0x4)
                0x0000000008008380                PROVIDE (__init_array_start = .)
 *(SORT_BY_NAME(.init_array.*))
 *(.init_array*)
 .init_array    0x0000000008008380        0x4 c:/st/stm32cubeide_1.11.0/stm32cubeide/plugins/com.st.stm32cube.ide.mcu.externaltools.gnu-tools-for-stm32.10.3-2021.10.win32_1.0.100.202210260954/tools/bin/../lib/gcc/arm-none-eabi/10.3.1/thumb/v7e-m+fp/hard/crtbegin.o
                0x0000000008008384                PROVIDE (__init_array_end = .)
                0x0000000008008384                . = ALIGN (0x4)

.fini_array     0x0000000008008384        0x4
                0x0000000008008384                . = ALIGN (0x4)
                [!provide]                        PROVIDE (__fini_array_start = .)
 *(SORT_BY_NAME(.fini_array.*))
 *(.fini_array*)
 .fini_array    0x0000000008008384        0x4 c:/st/stm32cubeide_1.11.0/stm32cubeide/plugins/com.st.stm32cube.ide.mcu.externaltools.gnu-tools-for-stm32.10.3-2021.10.win32_1.0.100.202210260954/tools/bin/../lib/gcc/arm-none-eabi/10.3.1/thumb/v7e-m+fp/hard/crtbegin.o
                [!provide]                        PROVIDE (__fini_array_end = .)
                0x0000000008008388                . = ALIGN (0x4)
                0x0000000008008388                _sidata = LOADADDR (.data)

.data           0x0000000020000000       0x14 load address 0x0000000008008388
                0x0000000020000000                . = ALIGN (0x4)
                0x0000000020000000                _sdata = .
 *(.data)
 *(.data*)
 .data.Font16   0x0000000020000000        0x8 ./Core/Src/font16.o
                0x0000000020000000                Font16
 .data.SystemCoreClock
                0x0000000020000008        0x4 ./Core/Src/system_stm32f4xx.o
                0x0000000020000008                SystemCoreClock
 .data.uwTickPrio
                0x000000002000000c        0x4 ./Drivers/STM32F4xx_HAL_Driver/Src/stm32f4xx_hal.o
                0x000000002000000c                uwTickPrio
 .data.uwTickFreq
                0x0000000020000010        0x1 ./Drivers/STM32F4xx_HAL_Driver/Src/stm32f4xx_hal.o
                0x0000000020000010                uwTickFreq
 *(.RamFunc)
 *(.RamFunc*)
                0x0000000020000014                . = ALIGN (0x4)
 *fill*         0x0000000020000011        0x3 
                0x0000000020000014                _edata = .
                0x000000000800839c                _siccmram = LOADADDR (.ccmram)

.igot.plt       0x0000000020000014        0x0 load address 0x000000000800839c
 .igot.plt      0x0000000020000014        0x0 c:/st/stm32cubeide_1.11.0/stm32cubeide/plugins/com.st.stm32cube.ide.mcu.externaltools.gnu-tools-for-stm32.10.3-2021.10.win32_1.0.100.202210260954/tools/bin/../lib/gcc/arm-none-eabi/10.3.1/thumb/v7e-m+fp/hard/crtbegin.o

.ccmram         0x0000000010000000        0x0 load address 0x000000000800839c
                0x0000000010000000                . = ALIGN (0x4)
                0x0000000010000000                _sccmram = .
 *(.ccmram)
 *(.ccmram*)
                0x0000000010000000                . = ALIGN (0x4)
                0x0000000010000000                _eccmram = .
                0x0000000010000000                . = ALIGN (0x4)

.bss            0x0000000020000014      0x174
                0x0000000020000014                _sbss = .
                0x0000000020000014                __bss_start__ = _sbss
 *(.bss)
 .bss           0x0000000020000014       0x1c c:/st/stm32cubeide_1.11.0/stm32cubeide/plugins/com.st.stm32cube.ide.mcu.externaltools.gnu-tools-for-stm32.10.3-2021.10.win32_1.0.100.202210260954/tools/bin/../lib/gcc/arm-none-eabi/10.3.1/thumb/v7e-m+fp/hard/crtbegin.o
 *(.bss*)
 .bss.Paint     0x0000000020000030       0x18 ./Core/Src/GUI_Paint.o
                0x0000000020000030                Paint
 .bss.DISPLAY   0x0000000020000048        0x4 ./Core/Src/GUI_Paint.o
                0x0000000020000048                DISPLAY
 .bss.CLEAR     0x000000002000004c        0x4 ./Core/Src/GUI_Paint.o
                0x000000002000004c                CLEAR
 .bss.LCD_1IN28
                0x0000000020000050        0x6 ./Core/Src/LCD_1inch28.o
                0x0000000020000050                LCD_1IN28
 *fill*         0x0000000020000056        0x2 
 .bss.hspi1     0x0000000020000058       0x58 ./Core/Src/main.o
                0x0000000020000058                hspi1
 .bss.htim1     0x00000000200000b0       0x48 ./Core/Src/main.o
                0x00000000200000b0                htim1
 .bss.htim3     0x00000000200000f8       0x48 ./Core/Src/main.o
                0x00000000200000f8                htim3
 .bss.huart2    0x0000000020000140       0x44 ./Core/Src/main.o
                0x0000000020000140                huart2
 .bss.uwTick    0x0000000020000184        0x4 ./Drivers/STM32F4xx_HAL_Driver/Src/stm32f4xx_hal.o
                0x0000000020000184                uwTick
 *(COMMON)
                0x0000000020000188                . = ALIGN (0x4)
                0x0000000020000188                _ebss = .
                0x0000000020000188                __bss_end__ = _ebss

._user_heap_stack
                0x0000000020000188      0x600
                0x0000000020000188                . = ALIGN (0x8)
                [!provide]                        PROVIDE (end = .)
                0x0000000020000188                PROVIDE (_end = .)
                0x0000000020000388                . = (. + _Min_Heap_Size)
 *fill*         0x0000000020000188      0x200 
                0x0000000020000788                . = (. + _Min_Stack_Size)
 *fill*         0x0000000020000388      0x400 
                0x0000000020000788                . = ALIGN (0x8)

/DISCARD/
 libc.a(*)
 libm.a(*)
 libgcc.a(*)

.ARM.attributes
                0x0000000000000000       0x30
 *(.ARM.attributes)
 .ARM.attributes
                0x0000000000000000       0x1e c:/st/stm32cubeide_1.11.0/stm32cubeide/plugins/com.st.stm32cube.ide.mcu.externaltools.gnu-tools-for-stm32.10.3-2021.10.win32_1.0.100.202210260954/tools/bin/../lib/gcc/arm-none-eabi/10.3.1/thumb/v7e-m+fp/hard/crti.o
 .ARM.attributes
                0x000000000000001e       0x34 c:/st/stm32cubeide_1.11.0/stm32cubeide/plugins/com.st.stm32cube.ide.mcu.externaltools.gnu-tools-for-stm32.10.3-2021.10.win32_1.0.100.202210260954/tools/bin/../lib/gcc/arm-none-eabi/10.3.1/thumb/v7e-m+fp/hard/crtbegin.o
 .ARM.attributes
                0x0000000000000052       0x34 ./Core/Src/GUI_Paint.o
 .ARM.attributes
                0x0000000000000086       0x34 ./Core/Src/LCD_1inch28.o
 .ARM.attributes
                0x00000000000000ba       0x34 ./Core/Src/font16.o
 .ARM.attributes
                0x00000000000000ee       0x34 ./Core/Src/image.o
 .ARM.attributes
                0x0000000000000122       0x34 ./Core/Src/main.o
 .ARM.attributes
                0x0000000000000156       0x34 ./Core/Src/stm32f4xx_hal_msp.o
 .ARM.attributes
                0x000000000000018a       0x34 ./Core/Src/stm32f4xx_it.o
 .ARM.attributes
                0x00000000000001be       0x34 ./Core/Src/system_stm32f4xx.o
 .ARM.attributes
                0x00000000000001f2       0x21 ./Core/Startup/startup_stm32f407vgtx.o
 .ARM.attributes
                0x0000000000000213       0x34 ./Drivers/STM32F4xx_HAL_Driver/Src/stm32f4xx_hal.o
 .ARM.attributes
                0x0000000000000247       0x34 ./Drivers/STM32F4xx_HAL_Driver/Src/stm32f4xx_hal_cortex.o
 .ARM.attributes
                0x000000000000027b       0x34 ./Drivers/STM32F4xx_HAL_Driver/Src/stm32f4xx_hal_gpio.o
 .ARM.attributes
                0x00000000000002af       0x34 ./Drivers/STM32F4xx_HAL_Driver/Src/stm32f4xx_hal_rcc.o
 .ARM.attributes
                0x00000000000002e3       0x34 ./Drivers/STM32F4xx_HAL_Driver/Src/stm32f4xx_hal_spi.o
 .ARM.attributes
                0x0000000000000317       0x34 ./Drivers/STM32F4xx_HAL_Driver/Src/stm32f4xx_hal_tim.o
 .ARM.attributes
                0x000000000000034b       0x34 ./Drivers/STM32F4xx_HAL_Driver/Src/stm32f4xx_hal_tim_ex.o
 .ARM.attributes
                0x000000000000037f       0x34 ./Drivers/STM32F4xx_HAL_Driver/Src/stm32f4xx_hal_uart.o
 .ARM.attributes
                0x00000000000003b3       0x34 c:/st/stm32cubeide_1.11.0/stm32cubeide/plugins/com.st.stm32cube.ide.mcu.externaltools.gnu-tools-for-stm32.10.3-2021.10.win32_1.0.100.202210260954/tools/bin/../lib/gcc/arm-none-eabi/10.3.1/../../../../arm-none-eabi/lib/thumb/v7e-m+fp/hard\libc_nano.a(lib_a-init.o)
 .ARM.attributes
                0x00000000000003e7       0x34 c:/st/stm32cubeide_1.11.0/stm32cubeide/plugins/com.st.stm32cube.ide.mcu.externaltools.gnu-tools-for-stm32.10.3-2021.10.win32_1.0.100.202210260954/tools/bin/../lib/gcc/arm-none-eabi/10.3.1/../../../../arm-none-eabi/lib/thumb/v7e-m+fp/hard\libc_nano.a(lib_a-memset.o)
 .ARM.attributes
                0x000000000000041b       0x17 c:/st/stm32cubeide_1.11.0/stm32cubeide/plugins/com.st.stm32cube.ide.mcu.externaltools.gnu-tools-for-stm32.10.3-2021.10.win32_1.0.100.202210260954/tools/bin/../lib/gcc/arm-none-eabi/10.3.1/../../../../arm-none-eabi/lib/thumb/v7e-m+fp/hard\libc_nano.a(lib_a-strlen.o)
 .ARM.attributes
                0x0000000000000432       0x1e c:/st/stm32cubeide_1.11.0/stm32cubeide/plugins/com.st.stm32cube.ide.mcu.externaltools.gnu-tools-for-stm32.10.3-2021.10.win32_1.0.100.202210260954/tools/bin/../lib/gcc/arm-none-eabi/10.3.1/thumb/v7e-m+fp/hard\libgcc.a(_aeabi_uldivmod.o)
 .ARM.attributes
                0x0000000000000450       0x34 c:/st/stm32cubeide_1.11.0/stm32cubeide/plugins/com.st.stm32cube.ide.mcu.externaltools.gnu-tools-for-stm32.10.3-2021.10.win32_1.0.100.202210260954/tools/bin/../lib/gcc/arm-none-eabi/10.3.1/thumb/v7e-m+fp/hard\libgcc.a(_udivmoddi4.o)
 .ARM.attributes
                0x0000000000000484       0x1e c:/st/stm32cubeide_1.11.0/stm32cubeide/plugins/com.st.stm32cube.ide.mcu.externaltools.gnu-tools-for-stm32.10.3-2021.10.win32_1.0.100.202210260954/tools/bin/../lib/gcc/arm-none-eabi/10.3.1/thumb/v7e-m+fp/hard\libgcc.a(_dvmd_tls.o)
 .ARM.attributes
                0x00000000000004a2       0x1e c:/st/stm32cubeide_1.11.0/stm32cubeide/plugins/com.st.stm32cube.ide.mcu.externaltools.gnu-tools-for-stm32.10.3-2021.10.win32_1.0.100.202210260954/tools/bin/../lib/gcc/arm-none-eabi/10.3.1/thumb/v7e-m+fp/hard/crtn.o
OUTPUT(Screen_Test.elf elf32-littlearm)
LOAD linker stubs
LOAD c:/st/stm32cubeide_1.11.0/stm32cubeide/plugins/com.st.stm32cube.ide.mcu.externaltools.gnu-tools-for-stm32.10.3-2021.10.win32_1.0.100.202210260954/tools/bin/../lib/gcc/arm-none-eabi/10.3.1/../../../../arm-none-eabi/lib/thumb/v7e-m+fp/hard\libc.a
LOAD c:/st/stm32cubeide_1.11.0/stm32cubeide/plugins/com.st.stm32cube.ide.mcu.externaltools.gnu-tools-for-stm32.10.3-2021.10.win32_1.0.100.202210260954/tools/bin/../lib/gcc/arm-none-eabi/10.3.1/../../../../arm-none-eabi/lib/thumb/v7e-m+fp/hard\libm.a
LOAD c:/st/stm32cubeide_1.11.0/stm32cubeide/plugins/com.st.stm32cube.ide.mcu.externaltools.gnu-tools-for-stm32.10.3-2021.10.win32_1.0.100.202210260954/tools/bin/../lib/gcc/arm-none-eabi/10.3.1/thumb/v7e-m+fp/hard\libgcc.a

.debug_info     0x0000000000000000    0x108c3
 .debug_info    0x0000000000000000      0xdc7 ./Core/Src/GUI_Paint.o
 .debug_info    0x0000000000000dc7      0xaa9 ./Core/Src/LCD_1inch28.o
 .debug_info    0x0000000000001870      0x12e ./Core/Src/font16.o
 .debug_info    0x000000000000199e       0xae ./Core/Src/image.o
 .debug_info    0x0000000000001a4c     0x1b7c ./Core/Src/main.o
 .debug_info    0x00000000000035c8     0x132b ./Core/Src/stm32f4xx_hal_msp.o
 .debug_info    0x00000000000048f3      0x772 ./Core/Src/stm32f4xx_it.o
 .debug_info    0x0000000000005065      0x523 ./Core/Src/system_stm32f4xx.o
 .debug_info    0x0000000000005588       0x22 ./Core/Startup/startup_stm32f407vgtx.o
 .debug_info    0x00000000000055aa      0x97c ./Drivers/STM32F4xx_HAL_Driver/Src/stm32f4xx_hal.o
 .debug_info    0x0000000000005f26      0xe1b ./Drivers/STM32F4xx_HAL_Driver/Src/stm32f4xx_hal_cortex.o
 .debug_info    0x0000000000006d41      0x76a ./Drivers/STM32F4xx_HAL_Driver/Src/stm32f4xx_hal_gpio.o
 .debug_info    0x00000000000074ab      0x966 ./Drivers/STM32F4xx_HAL_Driver/Src/stm32f4xx_hal_rcc.o
 .debug_info    0x0000000000007e11     0x1758 ./Drivers/STM32F4xx_HAL_Driver/Src/stm32f4xx_hal_spi.o
 .debug_info    0x0000000000009569     0x2bbe ./Drivers/STM32F4xx_HAL_Driver/Src/stm32f4xx_hal_tim.o
 .debug_info    0x000000000000c127     0x15e0 ./Drivers/STM32F4xx_HAL_Driver/Src/stm32f4xx_hal_tim_ex.o
 .debug_info    0x000000000000d707     0x31bc ./Drivers/STM32F4xx_HAL_Driver/Src/stm32f4xx_hal_uart.o

.debug_abbrev   0x0000000000000000     0x2115
 .debug_abbrev  0x0000000000000000      0x1df ./Core/Src/GUI_Paint.o
 .debug_abbrev  0x00000000000001df      0x276 ./Core/Src/LCD_1inch28.o
 .debug_abbrev  0x0000000000000455       0xb1 ./Core/Src/font16.o
 .debug_abbrev  0x0000000000000506       0x71 ./Core/Src/image.o
 .debug_abbrev  0x0000000000000577      0x31e ./Core/Src/main.o
 .debug_abbrev  0x0000000000000895      0x20a ./Core/Src/stm32f4xx_hal_msp.o
 .debug_abbrev  0x0000000000000a9f      0x199 ./Core/Src/stm32f4xx_it.o
 .debug_abbrev  0x0000000000000c38      0x116 ./Core/Src/system_stm32f4xx.o
 .debug_abbrev  0x0000000000000d4e       0x12 ./Core/Startup/startup_stm32f407vgtx.o
 .debug_abbrev  0x0000000000000d60      0x20d ./Drivers/STM32F4xx_HAL_Driver/Src/stm32f4xx_hal.o
 .debug_abbrev  0x0000000000000f6d      0x316 ./Drivers/STM32F4xx_HAL_Driver/Src/stm32f4xx_hal_cortex.o
 .debug_abbrev  0x0000000000001283      0x1c4 ./Drivers/STM32F4xx_HAL_Driver/Src/stm32f4xx_hal_gpio.o
 .debug_abbrev  0x0000000000001447      0x2aa ./Drivers/STM32F4xx_HAL_Driver/Src/stm32f4xx_hal_rcc.o
 .debug_abbrev  0x00000000000016f1      0x26e ./Drivers/STM32F4xx_HAL_Driver/Src/stm32f4xx_hal_spi.o
 .debug_abbrev  0x000000000000195f      0x25d ./Drivers/STM32F4xx_HAL_Driver/Src/stm32f4xx_hal_tim.o
 .debug_abbrev  0x0000000000001bbc      0x265 ./Drivers/STM32F4xx_HAL_Driver/Src/stm32f4xx_hal_tim_ex.o
 .debug_abbrev  0x0000000000001e21      0x2f4 ./Drivers/STM32F4xx_HAL_Driver/Src/stm32f4xx_hal_uart.o

.debug_aranges  0x0000000000000000      0xed0
 .debug_aranges
                0x0000000000000000       0xa8 ./Core/Src/GUI_Paint.o
 .debug_aranges
                0x00000000000000a8       0x88 ./Core/Src/LCD_1inch28.o
 .debug_aranges
                0x0000000000000130       0x18 ./Core/Src/font16.o
 .debug_aranges
                0x0000000000000148       0x18 ./Core/Src/image.o
 .debug_aranges
                0x0000000000000160       0x68 ./Core/Src/main.o
 .debug_aranges
                0x00000000000001c8       0x58 ./Core/Src/stm32f4xx_hal_msp.o
 .debug_aranges
                0x0000000000000220       0x70 ./Core/Src/stm32f4xx_it.o
 .debug_aranges
                0x0000000000000290       0x28 ./Core/Src/system_stm32f4xx.o
 .debug_aranges
                0x00000000000002b8       0x28 ./Core/Startup/startup_stm32f407vgtx.o
 .debug_aranges
                0x00000000000002e0       0xf0 ./Drivers/STM32F4xx_HAL_Driver/Src/stm32f4xx_hal.o
 .debug_aranges
                0x00000000000003d0      0x118 ./Drivers/STM32F4xx_HAL_Driver/Src/stm32f4xx_hal_cortex.o
 .debug_aranges
                0x00000000000004e8       0x58 ./Drivers/STM32F4xx_HAL_Driver/Src/stm32f4xx_hal_gpio.o
 .debug_aranges
                0x0000000000000540       0x88 ./Drivers/STM32F4xx_HAL_Driver/Src/stm32f4xx_hal_rcc.o
 .debug_aranges
                0x00000000000005c8      0x1d0 ./Drivers/STM32F4xx_HAL_Driver/Src/stm32f4xx_hal_spi.o
 .debug_aranges
                0x0000000000000798      0x3d0 ./Drivers/STM32F4xx_HAL_Driver/Src/stm32f4xx_hal_tim.o
 .debug_aranges
                0x0000000000000b68      0x168 ./Drivers/STM32F4xx_HAL_Driver/Src/stm32f4xx_hal_tim_ex.o
 .debug_aranges
                0x0000000000000cd0      0x200 ./Drivers/STM32F4xx_HAL_Driver/Src/stm32f4xx_hal_uart.o

.debug_ranges   0x0000000000000000      0xde8
 .debug_ranges  0x0000000000000000       0x98 ./Core/Src/GUI_Paint.o
 .debug_ranges  0x0000000000000098       0x78 ./Core/Src/LCD_1inch28.o
 .debug_ranges  0x0000000000000110       0x58 ./Core/Src/main.o
 .debug_ranges  0x0000000000000168       0x48 ./Core/Src/stm32f4xx_hal_msp.o
 .debug_ranges  0x00000000000001b0       0x60 ./Core/Src/stm32f4xx_it.o
 .debug_ranges  0x0000000000000210       0x18 ./Core/Src/system_stm32f4xx.o
 .debug_ranges  0x0000000000000228       0x20 ./Core/Startup/startup_stm32f407vgtx.o
 .debug_ranges  0x0000000000000248       0xe0 ./Drivers/STM32F4xx_HAL_Driver/Src/stm32f4xx_hal.o
 .debug_ranges  0x0000000000000328      0x108 ./Drivers/STM32F4xx_HAL_Driver/Src/stm32f4xx_hal_cortex.o
 .debug_ranges  0x0000000000000430       0x48 ./Drivers/STM32F4xx_HAL_Driver/Src/stm32f4xx_hal_gpio.o
 .debug_ranges  0x0000000000000478       0x78 ./Drivers/STM32F4xx_HAL_Driver/Src/stm32f4xx_hal_rcc.o
 .debug_ranges  0x00000000000004f0      0x1c0 ./Drivers/STM32F4xx_HAL_Driver/Src/stm32f4xx_hal_spi.o
 .debug_ranges  0x00000000000006b0      0x3c0 ./Drivers/STM32F4xx_HAL_Driver/Src/stm32f4xx_hal_tim.o
 .debug_ranges  0x0000000000000a70      0x158 ./Drivers/STM32F4xx_HAL_Driver/Src/stm32f4xx_hal_tim_ex.o
 .debug_ranges  0x0000000000000bc8      0x220 ./Drivers/STM32F4xx_HAL_Driver/Src/stm32f4xx_hal_uart.o

.debug_macro    0x0000000000000000    0x21d4b
 .debug_macro   0x0000000000000000      0x196 ./Core/Src/GUI_Paint.o
 .debug_macro   0x0000000000000196      0xa78 ./Core/Src/GUI_Paint.o
 .debug_macro   0x0000000000000c0e       0x1c ./Core/Src/GUI_Paint.o
 .debug_macro   0x0000000000000c2a       0x22 ./Core/Src/GUI_Paint.o
 .debug_macro   0x0000000000000c4c       0x8e ./Core/Src/GUI_Paint.o
 .debug_macro   0x0000000000000cda       0x51 ./Core/Src/GUI_Paint.o
 .debug_macro   0x0000000000000d2b      0x103 ./Core/Src/GUI_Paint.o
 .debug_macro   0x0000000000000e2e       0x6a ./Core/Src/GUI_Paint.o
 .debug_macro   0x0000000000000e98      0x1df ./Core/Src/GUI_Paint.o
 .debug_macro   0x0000000000001077       0xde ./Core/Src/GUI_Paint.o
 .debug_macro   0x0000000000001155       0x1e ./Core/Src/GUI_Paint.o
 .debug_macro   0x0000000000001173       0x52 ./Core/Src/GUI_Paint.o
 .debug_macro   0x00000000000011c5       0x3c ./Core/Src/GUI_Paint.o
 .debug_macro   0x0000000000001201       0x34 ./Core/Src/GUI_Paint.o
 .debug_macro   0x0000000000001235       0x16 ./Core/Src/GUI_Paint.o
 .debug_macro   0x000000000000124b      0x10e ./Core/Src/GUI_Paint.o
 .debug_macro   0x0000000000001359       0x8d ./Core/Src/GUI_Paint.o
 .debug_macro   0x00000000000013e6       0x16 ./Core/Src/GUI_Paint.o
 .debug_macro   0x00000000000013fc       0x43 ./Core/Src/GUI_Paint.o
 .debug_macro   0x000000000000143f       0x34 ./Core/Src/GUI_Paint.o
 .debug_macro   0x0000000000001473       0x10 ./Core/Src/GUI_Paint.o
 .debug_macro   0x0000000000001483       0x58 ./Core/Src/GUI_Paint.o
 .debug_macro   0x00000000000014db       0x71 ./Core/Src/GUI_Paint.o
 .debug_macro   0x000000000000154c       0x1c ./Core/Src/GUI_Paint.o
 .debug_macro   0x0000000000001568      0x12a ./Core/Src/GUI_Paint.o
 .debug_macro   0x0000000000001692      0x341 ./Core/Src/GUI_Paint.o
 .debug_macro   0x00000000000019d3       0x16 ./Core/Src/GUI_Paint.o
 .debug_macro   0x00000000000019e9       0x29 ./Core/Src/GUI_Paint.o
 .debug_macro   0x0000000000001a12       0x16 ./Core/Src/GUI_Paint.o
 .debug_macro   0x0000000000001a28       0x35 ./Core/Src/GUI_Paint.o
 .debug_macro   0x0000000000001a5d       0x20 ./Core/Src/GUI_Paint.o
 .debug_macro   0x0000000000001a7d      0x19b ./Core/Src/GUI_Paint.o
 .debug_macro   0x0000000000001c18      0x374 ./Core/Src/LCD_1inch28.o
 .debug_macro   0x0000000000001f8c       0x1c ./Core/Src/LCD_1inch28.o
 .debug_macro   0x0000000000001fa8       0x10 ./Core/Src/LCD_1inch28.o
 .debug_macro   0x0000000000001fb8       0x10 ./Core/Src/LCD_1inch28.o
 .debug_macro   0x0000000000001fc8       0x1c ./Core/Src/LCD_1inch28.o
 .debug_macro   0x0000000000001fe4       0x52 ./Core/Src/LCD_1inch28.o
 .debug_macro   0x0000000000002036       0x22 ./Core/Src/LCD_1inch28.o
 .debug_macro   0x0000000000002058       0x10 ./Core/Src/LCD_1inch28.o
 .debug_macro   0x0000000000002068       0x52 ./Core/Src/LCD_1inch28.o
 .debug_macro   0x00000000000020ba       0xd5 ./Core/Src/LCD_1inch28.o
 .debug_macro   0x000000000000218f       0x1c ./Core/Src/LCD_1inch28.o
 .debug_macro   0x00000000000021ab       0x3d ./Core/Src/LCD_1inch28.o
 .debug_macro   0x00000000000021e8       0x16 ./Core/Src/LCD_1inch28.o
 .debug_macro   0x00000000000021fe      0x145 ./Core/Src/LCD_1inch28.o
 .debug_macro   0x0000000000002343      0x2a1 ./Core/Src/LCD_1inch28.o
 .debug_macro   0x00000000000025e4       0x2e ./Core/Src/LCD_1inch28.o
 .debug_macro   0x0000000000002612       0x2f ./Core/Src/LCD_1inch28.o
 .debug_macro   0x0000000000002641       0x1c ./Core/Src/LCD_1inch28.o
 .debug_macro   0x000000000000265d       0x22 ./Core/Src/LCD_1inch28.o
 .debug_macro   0x000000000000267f       0xd9 ./Core/Src/LCD_1inch28.o
 .debug_macro   0x0000000000002758     0x102d ./Core/Src/LCD_1inch28.o
 .debug_macro   0x0000000000003785      0x11f ./Core/Src/LCD_1inch28.o
 .debug_macro   0x00000000000038a4    0x15e82 ./Core/Src/LCD_1inch28.o
 .debug_macro   0x0000000000019726       0x6d ./Core/Src/LCD_1inch28.o
 .debug_macro   0x0000000000019793     0x367e ./Core/Src/LCD_1inch28.o
 .debug_macro   0x000000000001ce11       0x56 ./Core/Src/LCD_1inch28.o
 .debug_macro   0x000000000001ce67      0x96b ./Core/Src/LCD_1inch28.o
 .debug_macro   0x000000000001d7d2      0x9fe ./Core/Src/LCD_1inch28.o
 .debug_macro   0x000000000001e1d0      0x115 ./Core/Src/LCD_1inch28.o
 .debug_macro   0x000000000001e2e5      0x13e ./Core/Src/LCD_1inch28.o
 .debug_macro   0x000000000001e423       0xa5 ./Core/Src/LCD_1inch28.o
 .debug_macro   0x000000000001e4c8      0x174 ./Core/Src/LCD_1inch28.o
 .debug_macro   0x000000000001e63c      0x287 ./Core/Src/LCD_1inch28.o
 .debug_macro   0x000000000001e8c3       0x5f ./Core/Src/LCD_1inch28.o
 .debug_macro   0x000000000001e922      0x236 ./Core/Src/LCD_1inch28.o
 .debug_macro   0x000000000001eb58      0x12c ./Core/Src/LCD_1inch28.o
 .debug_macro   0x000000000001ec84      0x21e ./Core/Src/LCD_1inch28.o
 .debug_macro   0x000000000001eea2       0x2e ./Core/Src/LCD_1inch28.o
 .debug_macro   0x000000000001eed0      0x11a ./Core/Src/LCD_1inch28.o
 .debug_macro   0x000000000001efea       0x7e ./Core/Src/LCD_1inch28.o
 .debug_macro   0x000000000001f068       0x89 ./Core/Src/LCD_1inch28.o
 .debug_macro   0x000000000001f0f1      0x225 ./Core/Src/LCD_1inch28.o
 .debug_macro   0x000000000001f316      0x8e6 ./Core/Src/LCD_1inch28.o
 .debug_macro   0x000000000001fbfc       0x47 ./Core/Src/LCD_1inch28.o
 .debug_macro   0x000000000001fc43      0x295 ./Core/Src/LCD_1inch28.o
 .debug_macro   0x000000000001fed8      0x12d ./Core/Src/LCD_1inch28.o
 .debug_macro   0x0000000000020005       0x2e ./Core/Src/LCD_1inch28.o
 .debug_macro   0x0000000000020033       0x6c ./Core/Src/font16.o
 .debug_macro   0x000000000002009f       0x1b ./Core/Src/image.o
 .debug_macro   0x00000000000200ba      0x3d9 ./Core/Src/main.o
 .debug_macro   0x0000000000020493      0x174 ./Core/Src/main.o
 .debug_macro   0x0000000000020607       0x5c ./Core/Src/main.o
 .debug_macro   0x0000000000020663      0x1dd ./Core/Src/main.o
 .debug_macro   0x0000000000020840      0x1e7 ./Core/Src/stm32f4xx_hal_msp.o
 .debug_macro   0x0000000000020a27      0x1f1 ./Core/Src/stm32f4xx_it.o
 .debug_macro   0x0000000000020c18      0x1d8 ./Core/Src/system_stm32f4xx.o
 .debug_macro   0x0000000000020df0      0x238 ./Drivers/STM32F4xx_HAL_Driver/Src/stm32f4xx_hal.o
 .debug_macro   0x0000000000021028      0x1d8 ./Drivers/STM32F4xx_HAL_Driver/Src/stm32f4xx_hal_cortex.o
 .debug_macro   0x0000000000021200      0x1de ./Drivers/STM32F4xx_HAL_Driver/Src/stm32f4xx_hal_gpio.o
 .debug_macro   0x00000000000213de      0x1fc ./Drivers/STM32F4xx_HAL_Driver/Src/stm32f4xx_hal_rcc.o
 .debug_macro   0x00000000000215da      0x1e7 ./Drivers/STM32F4xx_HAL_Driver/Src/stm32f4xx_hal_spi.o
 .debug_macro   0x00000000000217c1      0x1d9 ./Drivers/STM32F4xx_HAL_Driver/Src/stm32f4xx_hal_tim.o
 .debug_macro   0x000000000002199a      0x1d8 ./Drivers/STM32F4xx_HAL_Driver/Src/stm32f4xx_hal_tim_ex.o
 .debug_macro   0x0000000000021b72      0x1d9 ./Drivers/STM32F4xx_HAL_Driver/Src/stm32f4xx_hal_uart.o

.debug_line     0x0000000000000000    0x108d1
 .debug_line    0x0000000000000000      0xefb ./Core/Src/GUI_Paint.o
 .debug_line    0x0000000000000efb      0xbfe ./Core/Src/LCD_1inch28.o
 .debug_line    0x0000000000001af9      0x388 ./Core/Src/font16.o
 .debug_line    0x0000000000001e81       0x4b ./Core/Src/image.o
 .debug_line    0x0000000000001ecc      0xc85 ./Core/Src/main.o
 .debug_line    0x0000000000002b51      0x800 ./Core/Src/stm32f4xx_hal_msp.o
 .debug_line    0x0000000000003351      0x7cd ./Core/Src/stm32f4xx_it.o
 .debug_line    0x0000000000003b1e      0x75c ./Core/Src/system_stm32f4xx.o
 .debug_line    0x000000000000427a       0x88 ./Core/Startup/startup_stm32f407vgtx.o
 .debug_line    0x0000000000004302      0x9c2 ./Drivers/STM32F4xx_HAL_Driver/Src/stm32f4xx_hal.o
 .debug_line    0x0000000000004cc4      0xc71 ./Drivers/STM32F4xx_HAL_Driver/Src/stm32f4xx_hal_cortex.o
 .debug_line    0x0000000000005935      0xb36 ./Drivers/STM32F4xx_HAL_Driver/Src/stm32f4xx_hal_gpio.o
 .debug_line    0x000000000000646b      0xd3e ./Drivers/STM32F4xx_HAL_Driver/Src/stm32f4xx_hal_rcc.o
 .debug_line    0x00000000000071a9     0x1c4c ./Drivers/STM32F4xx_HAL_Driver/Src/stm32f4xx_hal_spi.o
 .debug_line    0x0000000000008df5     0x36b6 ./Drivers/STM32F4xx_HAL_Driver/Src/stm32f4xx_hal_tim.o
 .debug_line    0x000000000000c4ab     0x19bf ./Drivers/STM32F4xx_HAL_Driver/Src/stm32f4xx_hal_tim_ex.o
 .debug_line    0x000000000000de6a     0x2a67 ./Drivers/STM32F4xx_HAL_Driver/Src/stm32f4xx_hal_uart.o

.debug_str      0x0000000000000000    0xcdfbb
 .debug_str     0x0000000000000000     0x7b9b ./Core/Src/GUI_Paint.o
                                       0x7e15 (size before relaxing)
 .debug_str     0x0000000000007b9b    0xc21ab ./Core/Src/LCD_1inch28.o
                                      0xc90f0 (size before relaxing)
 .debug_str     0x00000000000c9d46       0x29 ./Core/Src/font16.o
                                       0x3c9e (size before relaxing)
 .debug_str     0x00000000000c9d6f       0x35 ./Core/Src/image.o
                                       0x2d28 (size before relaxing)
 .debug_str     0x00000000000c9da4     0x1681 ./Core/Src/main.o
                                      0xcab16 (size before relaxing)
 .debug_str     0x00000000000cb425       0xf4 ./Core/Src/stm32f4xx_hal_msp.o
                                      0xc6351 (size before relaxing)
 .debug_str     0x00000000000cb519      0x118 ./Core/Src/stm32f4xx_it.o
                                      0xc5958 (size before relaxing)
 .debug_str     0x00000000000cb631       0xdb ./Core/Src/system_stm32f4xx.o
                                      0xc4d5d (size before relaxing)
 .debug_str     0x00000000000cb70c       0x36 ./Core/Startup/startup_stm32f407vgtx.o
                                         0x86 (size before relaxing)
 .debug_str     0x00000000000cb742      0x5e6 ./Drivers/STM32F4xx_HAL_Driver/Src/stm32f4xx_hal.o
                                      0xc58e1 (size before relaxing)
 .debug_str     0x00000000000cbd28      0x323 ./Drivers/STM32F4xx_HAL_Driver/Src/stm32f4xx_hal_cortex.o
                                      0xc5614 (size before relaxing)
 .debug_str     0x00000000000cc04b       0xe8 ./Drivers/STM32F4xx_HAL_Driver/Src/stm32f4xx_hal_gpio.o
                                      0xc4ed8 (size before relaxing)
 .debug_str     0x00000000000cc133      0x233 ./Drivers/STM32F4xx_HAL_Driver/Src/stm32f4xx_hal_rcc.o
                                      0xc5191 (size before relaxing)
 .debug_str     0x00000000000cc366      0x58c ./Drivers/STM32F4xx_HAL_Driver/Src/stm32f4xx_hal_spi.o
                                      0xc5621 (size before relaxing)
 .debug_str     0x00000000000cc8f2      0xcfb ./Drivers/STM32F4xx_HAL_Driver/Src/stm32f4xx_hal_tim.o
                                      0xc60d7 (size before relaxing)
 .debug_str     0x00000000000cd5ed      0x3e1 ./Drivers/STM32F4xx_HAL_Driver/Src/stm32f4xx_hal_tim_ex.o
                                      0xc58f3 (size before relaxing)
 .debug_str     0x00000000000cd9ce      0x5ed ./Drivers/STM32F4xx_HAL_Driver/Src/stm32f4xx_hal_uart.o
                                      0xc5730 (size before relaxing)

.comment        0x0000000000000000       0x50
 .comment       0x0000000000000000       0x50 ./Core/Src/GUI_Paint.o
                                         0x51 (size before relaxing)
 .comment       0x0000000000000050       0x51 ./Core/Src/LCD_1inch28.o
 .comment       0x0000000000000050       0x51 ./Core/Src/font16.o
 .comment       0x0000000000000050       0x51 ./Core/Src/image.o
 .comment       0x0000000000000050       0x51 ./Core/Src/main.o
 .comment       0x0000000000000050       0x51 ./Core/Src/stm32f4xx_hal_msp.o
 .comment       0x0000000000000050       0x51 ./Core/Src/stm32f4xx_it.o
 .comment       0x0000000000000050       0x51 ./Core/Src/system_stm32f4xx.o
 .comment       0x0000000000000050       0x51 ./Drivers/STM32F4xx_HAL_Driver/Src/stm32f4xx_hal.o
 .comment       0x0000000000000050       0x51 ./Drivers/STM32F4xx_HAL_Driver/Src/stm32f4xx_hal_cortex.o
 .comment       0x0000000000000050       0x51 ./Drivers/STM32F4xx_HAL_Driver/Src/stm32f4xx_hal_gpio.o
 .comment       0x0000000000000050       0x51 ./Drivers/STM32F4xx_HAL_Driver/Src/stm32f4xx_hal_rcc.o
 .comment       0x0000000000000050       0x51 ./Drivers/STM32F4xx_HAL_Driver/Src/stm32f4xx_hal_spi.o
 .comment       0x0000000000000050       0x51 ./Drivers/STM32F4xx_HAL_Driver/Src/stm32f4xx_hal_tim.o
 .comment       0x0000000000000050       0x51 ./Drivers/STM32F4xx_HAL_Driver/Src/stm32f4xx_hal_tim_ex.o
 .comment       0x0000000000000050       0x51 ./Drivers/STM32F4xx_HAL_Driver/Src/stm32f4xx_hal_uart.o

.debug_frame    0x0000000000000000     0x3e2c
 .debug_frame   0x0000000000000000      0x2d8 ./Core/Src/GUI_Paint.o
 .debug_frame   0x00000000000002d8      0x1f0 ./Core/Src/LCD_1inch28.o
 .debug_frame   0x00000000000004c8      0x15c ./Core/Src/main.o
 .debug_frame   0x0000000000000624      0x130 ./Core/Src/stm32f4xx_hal_msp.o
 .debug_frame   0x0000000000000754      0x13c ./Core/Src/stm32f4xx_it.o
 .debug_frame   0x0000000000000890       0x58 ./Core/Src/system_stm32f4xx.o
 .debug_frame   0x00000000000008e8      0x374 ./Drivers/STM32F4xx_HAL_Driver/Src/stm32f4xx_hal.o
 .debug_frame   0x0000000000000c5c      0x498 ./Drivers/STM32F4xx_HAL_Driver/Src/stm32f4xx_hal_cortex.o
 .debug_frame   0x00000000000010f4      0x14c ./Drivers/STM32F4xx_HAL_Driver/Src/stm32f4xx_hal_gpio.o
 .debug_frame   0x0000000000001240      0x1f4 ./Drivers/STM32F4xx_HAL_Driver/Src/stm32f4xx_hal_rcc.o
 .debug_frame   0x0000000000001434      0x824 ./Drivers/STM32F4xx_HAL_Driver/Src/stm32f4xx_hal_spi.o
 .debug_frame   0x0000000000001c58     0x11c4 ./Drivers/STM32F4xx_HAL_Driver/Src/stm32f4xx_hal_tim.o
 .debug_frame   0x0000000000002e1c      0x638 ./Drivers/STM32F4xx_HAL_Driver/Src/stm32f4xx_hal_tim_ex.o
 .debug_frame   0x0000000000003454      0x92c ./Drivers/STM32F4xx_HAL_Driver/Src/stm32f4xx_hal_uart.o
 .debug_frame   0x0000000000003d80       0x2c c:/st/stm32cubeide_1.11.0/stm32cubeide/plugins/com.st.stm32cube.ide.mcu.externaltools.gnu-tools-for-stm32.10.3-2021.10.win32_1.0.100.202210260954/tools/bin/../lib/gcc/arm-none-eabi/10.3.1/../../../../arm-none-eabi/lib/thumb/v7e-m+fp/hard\libc_nano.a(lib_a-init.o)
 .debug_frame   0x0000000000003dac       0x20 c:/st/stm32cubeide_1.11.0/stm32cubeide/plugins/com.st.stm32cube.ide.mcu.externaltools.gnu-tools-for-stm32.10.3-2021.10.win32_1.0.100.202210260954/tools/bin/../lib/gcc/arm-none-eabi/10.3.1/../../../../arm-none-eabi/lib/thumb/v7e-m+fp/hard\libc_nano.a(lib_a-memset.o)
 .debug_frame   0x0000000000003dcc       0x2c c:/st/stm32cubeide_1.11.0/stm32cubeide/plugins/com.st.stm32cube.ide.mcu.externaltools.gnu-tools-for-stm32.10.3-2021.10.win32_1.0.100.202210260954/tools/bin/../lib/gcc/arm-none-eabi/10.3.1/thumb/v7e-m+fp/hard\libgcc.a(_aeabi_uldivmod.o)
 .debug_frame   0x0000000000003df8       0x34 c:/st/stm32cubeide_1.11.0/stm32cubeide/plugins/com.st.stm32cube.ide.mcu.externaltools.gnu-tools-for-stm32.10.3-2021.10.win32_1.0.100.202210260954/tools/bin/../lib/gcc/arm-none-eabi/10.3.1/thumb/v7e-m+fp/hard\libgcc.a(_udivmoddi4.o)
