17:44:55 **** Incremental Build of configuration Debug for project Learning ****
make -j8 all 
arm-none-eabi-gcc "../Core/Src/main.c" -mcpu=cortex-m4 -std=gnu11 -g3 -DDEBUG -DUSE_HAL_DRIVER -DSTM32F407xx -c -I../USB_HOST/App -I../USB_HOST/Target -I../Core/Inc -I../Drivers/STM32F4xx_HAL_Driver/Inc -I../Drivers/STM32F4xx_HAL_Driver/Inc/Legacy -I../Middlewares/ST/STM32_USB_Host_Library/Core/Inc -I../Middlewares/ST/STM32_USB_Host_Library/Class/CDC/Inc -I../Drivers/CMSIS/Device/ST/STM32F4xx/Include -I../Drivers/CMSIS/Include -O0 -ffunction-sections -fdata-sections -Wall -fstack-usage -MMD -MP -MF"Core/Src/main.d" -MT"Core/Src/main.o" --specs=nano.specs -mfpu=fpv4-sp-d16 -mfloat-abi=hard -mthumb -o "Core/Src/main.o"
arm-none-eabi-gcc -o "Learning.elf" @"objects.list"   -mcpu=cortex-m4 -T"C:\Users\andre\Documents\Personal_Projects\Learning\Learning\STM32F407VGTX_FLASH.ld" --specs=nosys.specs -Wl,-Map="Learning.map" -Wl,--gc-sections -static --specs=nano.specs -mfpu=fpv4-sp-d16 -mfloat-abi=hard -mthumb -Wl,--start-group -lc -lm -Wl,--end-group
Finished building target: Learning.elf
 
arm-none-eabi-size   Learning.elf 
arm-none-eabi-objdump -h -S  Learning.elf  > "Learning.list"
   text	   data	    bss	    dec	    hex	filename
  43952	    152	   3664	  47768	   ba98	Learning.elf
Finished building: default.size.stdout
 
Finished building: Learning.list
 
17:45:04 **** Incremental Build of configuration Debug for project Learning ****
make -j8 all 
arm-none-eabi-size   Learning.elf 
   text	   data	    bss	    dec	    hex	filename
  43952	    152	   3664	  47768	   ba98	Learning.elf
Finished building: default.size.stdout
 
