../Core/Src/GUI_Paint.c:91:6:Paint_NewImage	16	static
../Core/Src/GUI_Paint.c:116:6:Paint_SetClearFuntion	16	static
../Core/Src/GUI_Paint.c:125:6:Paint_SetDisplayFuntion	16	static
../Core/Src/GUI_Paint.c:135:6:Paint_SetRotate	16	static
../Core/Src/GUI_Paint.c:151:6:Paint_SetMirroring	16	static
../Core/Src/GUI_Paint.c:171:6:Paint_SetPixel	24	static
../Core/Src/GUI_Paint.c:233:6:Paint_Clear	16	static
../Core/Src/GUI_Paint.c:246:6:Paint_ClearWindows	32	static
../Core/Src/GUI_Paint.c:264:6:Paint_DrawPoint	32	static
../Core/Src/GUI_Paint.c:300:6:Paint_DrawLine	64	static
../Core/Src/GUI_Paint.c:357:6:Paint_DrawRectangle	48	static
../Core/Src/GUI_Paint.c:389:6:Paint_DrawCircle	40	static
../Core/Src/GUI_Paint.c:458:6:Paint_DrawChar	40	static
../Core/Src/GUI_Paint.c:507:6:Paint_DrawString_EN	40	static
../Core/Src/GUI_Paint.c:552:6:Paint_DrawString_CN	56	static
../Core/Src/GUI_Paint.c:647:6:Paint_DrawNum	560	static
../Core/Src/GUI_Paint.c:712:6:Paint_DrawTime	48	static
../Core/Src/GUI_Paint.c:739:6:Paint_DrawImage	40	static
