../Core/Src/main.c:77:5:main	64	static
../Core/Src/main.c:161:6:SystemClock_Config	88	static
../Core/Src/main.c:208:13:MX_SPI1_Init	8	static
../Core/Src/main.c:246:13:MX_TIM1_Init	96	static
../Core/Src/main.c:321:13:MX_TIM3_Init	32	static
../Core/Src/main.c:366:13:MX_USART2_UART_Init	8	static
../Core/Src/main.c:399:13:MX_GPIO_Init	56	static
../Core/Src/main.c:548:6:HAL_GPIO_EXTI_Callback	16	static
../Core/Src/main.c:556:6:HAL_TIM_PeriodElapsedCallback	16	static
../Core/Src/main.c:569:6:Error_Handler	4	static,ignoring_inline_asm
