../Core/Src/main.c:91:5:main	72	static
../Core/Src/main.c:237:6:SystemClock_Config	88	static
../Core/Src/main.c:284:13:MX_I2C1_Init	8	static
../Core/Src/main.c:318:13:MX_SPI1_Init	8	static
../Core/Src/main.c:356:13:MX_TIM1_Init	96	static
../Core/Src/main.c:431:13:MX_TIM3_Init	32	static
../Core/Src/main.c:476:13:MX_TIM9_Init	24	static
../Core/Src/main.c:514:13:MX_USART2_UART_Init	8	static
../Core/Src/main.c:547:13:MX_GPIO_Init	56	static
../Core/Src/main.c:688:6:HAL_GPIO_EXTI_Callback	16	static
../Core/Src/main.c:697:6:HAL_TIM_PeriodElapsedCallback	16	static
../Core/Src/main.c:716:6:Error_Handler	4	static,ignoring_inline_asm
